Archive member included to satisfy reference by file (symbol)

/home/star/Documents/MCUXpresso_11.2.0_4120/workspace/lpc_board_nxp_lpcxpresso_1769/Debug/liblpc_board_nxp_lpcxpresso_1769.a(board.o)
                              ./freertos/src/FreeRTOSCommonHooks.o (Board_UARTPutSTR)
/home/star/Documents/MCUXpresso_11.2.0_4120/workspace/lpc_board_nxp_lpcxpresso_1769/Debug/liblpc_board_nxp_lpcxpresso_1769.a(board_sysinit.o)
                              ./example/src/sysinit.o (Board_SystemInit)
/home/star/Documents/MCUXpresso_11.2.0_4120/workspace/lpc_chip_175x_6x/Debug/liblpc_chip_175x_6x.a(chip_17xx_40xx.o)
                              ./freertos/src/port.o (SystemCoreClock)
/home/star/Documents/MCUXpresso_11.2.0_4120/workspace/lpc_chip_175x_6x/Debug/liblpc_chip_175x_6x.a(clock_17xx_40xx.o)
                              /home/star/Documents/MCUXpresso_11.2.0_4120/workspace/lpc_chip_175x_6x/Debug/liblpc_chip_175x_6x.a(chip_17xx_40xx.o) (Chip_Clock_EnablePLL)
/home/star/Documents/MCUXpresso_11.2.0_4120/workspace/lpc_chip_175x_6x/Debug/liblpc_chip_175x_6x.a(i2s_17xx_40xx.o)
                              /home/star/Documents/MCUXpresso_11.2.0_4120/workspace/lpc_board_nxp_lpcxpresso_1769/Debug/liblpc_board_nxp_lpcxpresso_1769.a(board.o) (Chip_I2S_Init)
/home/star/Documents/MCUXpresso_11.2.0_4120/workspace/lpc_chip_175x_6x/Debug/liblpc_chip_175x_6x.a(iocon_17xx_40xx.o)
                              /home/star/Documents/MCUXpresso_11.2.0_4120/workspace/lpc_board_nxp_lpcxpresso_1769/Debug/liblpc_board_nxp_lpcxpresso_1769.a(board.o) (Chip_IOCON_PinMux)
/home/star/Documents/MCUXpresso_11.2.0_4120/workspace/lpc_chip_175x_6x/Debug/liblpc_chip_175x_6x.a(sysinit_17xx_40xx.o)
                              /home/star/Documents/MCUXpresso_11.2.0_4120/workspace/lpc_board_nxp_lpcxpresso_1769/Debug/liblpc_board_nxp_lpcxpresso_1769.a(board_sysinit.o) (Chip_SetupXtalClocking)
/home/star/Documents/MCUXpresso_11.2.0_4120/workspace/lpc_chip_175x_6x/Debug/liblpc_chip_175x_6x.a(uart_17xx_40xx.o)
                              /home/star/Documents/MCUXpresso_11.2.0_4120/workspace/lpc_board_nxp_lpcxpresso_1769/Debug/liblpc_board_nxp_lpcxpresso_1769.a(board.o) (Chip_UART_Init)
/home/star/Documents/MCUXpresso_11.2.0_4120/workspace/lpc_chip_175x_6x/Debug/liblpc_chip_175x_6x.a(ring_buffer.o)
                              /home/star/Documents/MCUXpresso_11.2.0_4120/workspace/lpc_chip_175x_6x/Debug/liblpc_chip_175x_6x.a(uart_17xx_40xx.o) (RingBuffer_Insert)
/usr/local/mcuxpressoide-11.2.0_4120/ide/plugins/com.nxp.mcuxpresso.tools.linux_11.2.0.202001021529/tools/bin/../lib/gcc/arm-none-eabi/9.2.1/../../../../arm-none-eabi/lib/thumb/v7-m/nofp/libcr_nohost.a(_cr__main.o)
                              ./example/src/cr_startup_lpc175x_6x.o (__main)
/usr/local/mcuxpressoide-11.2.0_4120/ide/plugins/com.nxp.mcuxpresso.tools.linux_11.2.0.202001021529/tools/bin/../lib/gcc/arm-none-eabi/9.2.1/../../../../arm-none-eabi/lib/thumb/v7-m/nofp/libcr_c.a(memcpy.o)
                              ./freertos/src/queue.o (memcpy)
/usr/local/mcuxpressoide-11.2.0_4120/ide/plugins/com.nxp.mcuxpresso.tools.linux_11.2.0.202001021529/tools/bin/../lib/gcc/arm-none-eabi/9.2.1/../../../../arm-none-eabi/lib/thumb/v7-m/nofp/libcr_c.a(memset.o)
                              ./freertos/src/tasks.o (memset)
/usr/local/mcuxpressoide-11.2.0_4120/ide/plugins/com.nxp.mcuxpresso.tools.linux_11.2.0.202001021529/tools/bin/../lib/gcc/arm-none-eabi/9.2.1/../../../../arm-none-eabi/lib/thumb/v7-m/nofp/libcr_c.a(alloc.o)
                              ./freertos/src/heap_3.o (malloc)
/usr/local/mcuxpressoide-11.2.0_4120/ide/plugins/com.nxp.mcuxpresso.tools.linux_11.2.0.202001021529/tools/bin/../lib/gcc/arm-none-eabi/9.2.1/../../../../arm-none-eabi/lib/thumb/v7-m/nofp/libcr_c.a(fpprintf.o)
                              ./freertos/src/FreeRTOSCommonHooks.o (printf)
/usr/local/mcuxpressoide-11.2.0_4120/ide/plugins/com.nxp.mcuxpresso.tools.linux_11.2.0.202001021529/tools/bin/../lib/gcc/arm-none-eabi/9.2.1/../../../../arm-none-eabi/lib/thumb/v7-m/nofp/libcr_c.a(initio.o)
                              /usr/local/mcuxpressoide-11.2.0_4120/ide/plugins/com.nxp.mcuxpresso.tools.linux_11.2.0.202001021529/tools/bin/../lib/gcc/arm-none-eabi/9.2.1/../../../../arm-none-eabi/lib/thumb/v7-m/nofp/libcr_nohost.a(_cr__main.o) (_initio)
/usr/local/mcuxpressoide-11.2.0_4120/ide/plugins/com.nxp.mcuxpresso.tools.linux_11.2.0.202001021529/tools/bin/../lib/gcc/arm-none-eabi/9.2.1/../../../../arm-none-eabi/lib/thumb/v7-m/nofp/libcr_c.a(printf.o)
                              /usr/local/mcuxpressoide-11.2.0_4120/ide/plugins/com.nxp.mcuxpresso.tools.linux_11.2.0.202001021529/tools/bin/../lib/gcc/arm-none-eabi/9.2.1/../../../../arm-none-eabi/lib/thumb/v7-m/nofp/libcr_c.a(fpprintf.o) (__vfprintf)
/usr/local/mcuxpressoide-11.2.0_4120/ide/plugins/com.nxp.mcuxpresso.tools.linux_11.2.0.202001021529/tools/bin/../lib/gcc/arm-none-eabi/9.2.1/../../../../arm-none-eabi/lib/thumb/v7-m/nofp/libcr_c.a(setvbuf.o)
[...]
Memory Configuration

Name             Origin             Length             Attributes
MFlash512        0x0000000000000000 0x0000000000080000 xr
RamLoc32         0x0000000010000000 0x0000000000008000 xrw
RamAHB32         0x000000002007c000 0x0000000000008000 xrw
*default*        0x0000000000000000 0xffffffffffffffff

Linker script and memory map

LOAD ./freertos/src/FreeRTOSCommonHooks.o
LOAD ./freertos/src/heap_3.o
LOAD ./freertos/src/list.o
LOAD ./freertos/src/port.o
LOAD ./freertos/src/queue.o
LOAD ./freertos/src/tasks.o
LOAD ./example/src/cr_startup_lpc175x_6x.o
LOAD ./example/src/mutex_single_task_freertos_blinky_RGB.o
LOAD ./example/src/sysinit.o
LOAD /home/star/Documents/MCUXpresso_11.2.0_4120/workspace/lpc_board_nxp_lpcxpresso_1769/Debug/liblpc_board_nxp_lpcxpresso_1769.a
LOAD /home/star/Documents/MCUXpresso_11.2.0_4120/workspace/lpc_chip_175x_6x/Debug/liblpc_chip_175x_6x.a
START GROUP
LOAD /usr/local/mcuxpressoide-11.2.0_4120/ide/plugins/com.nxp.mcuxpresso.tools.linux_11.2.0.202001021529/tools/bin/../lib/gcc/arm-none-eabi/9.2.1/../../../../arm-none-eabi/lib/thumb/v7-m/nofp/libcr_nohost.a
LOAD /usr/local/mcuxpressoide-11.2.0_4120/ide/plugins/com.nxp.mcuxpresso.tools.linux_11.2.0.202001021529/tools/bin/../lib/gcc/arm-none-eabi/9.2.1/../../../../arm-none-eabi/lib/thumb/v7-m/nofp/libcr_c.a
LOAD /usr/local/mcuxpressoide-11.2.0_4120/ide/plugins/com.nxp.mcuxpresso.tools.linux_11.2.0.202001021529/tools/bin/../lib/gcc/arm-none-eabi/9.2.1/thumb/v7-m/nofp/libcr_eabihelpers.a
LOAD /usr/local/mcuxpressoide-11.2.0_4120/ide/plugins/com.nxp.mcuxpresso.tools.linux_11.2.0.202001021529/tools/bin/../lib/gcc/arm-none-eabi/9.2.1/thumb/v7-m/nofp/libgcc.a
END GROUP
                0x0000000000000000                __base_MFlash512 = 0x0
                0x0000000000000000                __base_Flash = 0x0
                0x0000000000080000                __top_MFlash512 = 0x80000
                0x0000000000080000                __top_Flash = 0x80000
                0x0000000010000000                __base_RamLoc32 = 0x10000000
                0x0000000010000000                __base_RAM = 0x10000000
                0x0000000010008000                __top_RamLoc32 = 0x10008000
                0x0000000010008000                __top_RAM = 0x10008000
                0x000000002007c000                __base_RamAHB32 = 0x2007c000
                0x000000002007c000                __base_RAM2 = 0x2007c000
                0x0000000020084000                __top_RamAHB32 = 0x20084000
                0x0000000020084000                __top_RAM2 = 0x20084000

.text           0x0000000000000000     0x2d50
 FILL mask 0xff
                0x0000000000000000                __vectors_start__ = ABSOLUTE (.)
 *(.isr_vector)
 .isr_vector    0x0000000000000000       0xcc ./example/src/cr_startup_lpc175x_6x.o
                0x0000000000000000                g_pfnVectors
                0x00000000000000cc                . = ALIGN (0x4)
                0x00000000000000cc                __section_table_start = .
                0x00000000000000cc                __data_section_table = .
                0x00000000000000cc        0x4 LONG 0x2d50 LOADADDR (.data)
                0x00000000000000d0        0x4 LONG 0x10000000 ADDR (.data)
                0x00000000000000d4        0x4 LONG 0xc SIZEOF (.data)
                0x00000000000000d8        0x4 LONG 0x2d50 LOADADDR (.data_RAM2)
                0x00000000000000dc        0x4 LONG 0x2007c000 ADDR (.data_RAM2)
                0x00000000000000e0        0x4 LONG 0x0 SIZEOF (.data_RAM2)
                0x00000000000000e4                __data_section_table_end = .
                0x00000000000000e4                __bss_section_table = .
                0x00000000000000e4        0x4 LONG 0x1000000c ADDR (.bss)
                0x00000000000000e8        0x4 LONG 0x33c SIZEOF (.bss)
                0x00000000000000ec        0x4 LONG 0x2007c000 ADDR (.bss_RAM2)
                0x00000000000000f0        0x4 LONG 0x0 SIZEOF (.bss_RAM2)
                0x00000000000000f4                __bss_section_table_end = .
                0x00000000000000f4                __section_table_end = .
 *(.after_vectors*)
 .after_vectors
                0x00000000000000f4      0x130 ./example/src/cr_startup_lpc175x_6x.o
                0x00000000000000f4                data_init
                0x0000000000000138                bss_init
                0x0000000000000170                ResetISR
                0x00000000000001e8                NMI_Handler
                0x00000000000001ee                HardFault_Handler
                0x00000000000001f4                MemManage_Handler
                0x00000000000001fa                BusFault_Handler
                0x0000000000000200                UsageFault_Handler
                0x000000000000020c                DebugMon_Handler
                0x000000000000021e                TIMER2_IRQHandler
                0x000000000000021e                RIT_IRQHandler
                0x000000000000021e                I2C0_IRQHandler
                0x000000000000021e                USBActivity_IRQHandler
                0x000000000000021e                PWM1_IRQHandler
                0x000000000000021e                I2C1_IRQHandler
                0x000000000000021e                EINT2_IRQHandler
                0x000000000000021e                UART1_IRQHandler
                0x000000000000021e                EINT3_IRQHandler
                0x000000000000021e                CANActivity_IRQHandler
                0x000000000000021e                TIMER3_IRQHandler
                0x000000000000021e                UART0_IRQHandler
                0x000000000000021e                IntDefaultHandler
                0x000000000000021e                PLL0_IRQHandler
                0x000000000000021e                CAN_IRQHandler
                0x000000000000021e                PLL1_IRQHandler
                0x000000000000021e                SSP0_IRQHandler
                0x000000000000021e                I2S_IRQHandler
                0x000000000000021e                I2C2_IRQHandler
                0x000000000000021e                RTC_IRQHandler
                0x000000000000021e                TIMER0_IRQHandler
                0x000000000000021e                SPI_IRQHandler
                0x000000000000021e                EINT1_IRQHandler
                0x000000000000021e                TIMER1_IRQHandler
                0x000000000000021e                UART2_IRQHandler
                0x000000000000021e                ADC_IRQHandler
                0x000000000000021e                SSP1_IRQHandler
                0x000000000000021e                USB_IRQHandler
                0x000000000000021e                BOD_IRQHandler
                0x000000000000021e                WDT_IRQHandler
                0x000000000000021e                QEI_IRQHandler
                0x000000000000021e                EINT0_IRQHandler
                0x000000000000021e                ETH_IRQHandler
                0x000000000000021e                DMA_IRQHandler
                0x000000000000021e                UART3_IRQHandler
                0x000000000000021e                MCPWM_IRQHandler
 *(.text*)
 .text.vApplicationIdleHook
                0x0000000000000224       0x10 ./freertos/src/FreeRTOSCommonHooks.o
                0x0000000000000224                vApplicationIdleHook
 .text.pvPortMalloc
                0x0000000000000234       0x22 ./freertos/src/heap_3.o
                0x0000000000000234                pvPortMalloc
 .text.vPortFree
                0x0000000000000256       0x24 ./freertos/src/heap_3.o
                0x0000000000000256                vPortFree
 .text.vListInitialise
                0x000000000000027a       0x3e ./freertos/src/list.o
                0x000000000000027a                vListInitialise
 .text.vListInitialiseItem
                0x00000000000002b8       0x18 ./freertos/src/list.o
                0x00000000000002b8                vListInitialiseItem
 .text.vListInsertEnd
                0x00000000000002d0       0x46 ./freertos/src/list.o
                0x00000000000002d0                vListInsertEnd
 .text.vListInsert
                0x0000000000000316       0x70 ./freertos/src/list.o
                0x0000000000000316                vListInsert
 .text.uxListRemove
                0x0000000000000386       0x52 ./freertos/src/list.o
                0x0000000000000386                uxListRemove
 .text.pxPortInitialiseStack
                0x00000000000003d8       0x54 ./freertos/src/port.o
                0x00000000000003d8                pxPortInitialiseStack
 .text.prvTaskExitError
                0x000000000000042c        0xa ./freertos/src/port.o
 *fill*         0x0000000000000436        0x2 ff
 .text.SVC_Handler
                0x0000000000000438       0x24 ./freertos/src/port.o
                0x0000000000000438                SVC_Handler
 .text.prvPortStartFirstTask
                0x000000000000045c       0x18 ./freertos/src/port.o
 .text.xPortStartScheduler
                0x0000000000000474       0x38 ./freertos/src/port.o
                0x0000000000000474                xPortStartScheduler
 .text.vPortYield
                0x00000000000004ac       0x20 ./freertos/src/port.o
                0x00000000000004ac                vPortYield
 .text.vPortEnterCritical
                0x00000000000004cc       0x24 ./freertos/src/port.o
                0x00000000000004cc                vPortEnterCritical
 .text.vPortExitCritical
                0x00000000000004f0       0x24 ./freertos/src/port.o
                0x00000000000004f0                vPortExitCritical
 .text.ulPortSetInterruptMask
                0x0000000000000514       0x12 ./freertos/src/port.o
                0x0000000000000514                ulPortSetInterruptMask
 .text.vPortClearInterruptMask
                0x0000000000000526        0x8 ./freertos/src/port.o
                0x0000000000000526                vPortClearInterruptMask
 *fill*         0x000000000000052e        0x2 ff
 .text.PendSV_Handler
                0x0000000000000530       0x40 ./freertos/src/port.o
                0x0000000000000530                PendSV_Handler
 .text.SysTick_Handler
                0x0000000000000570       0x28 ./freertos/src/port.o
                0x0000000000000570                SysTick_Handler
 .text.vPortSuppressTicksAndSleep
                0x0000000000000598      0x15c ./freertos/src/port.o
                0x0000000000000598                vPortSuppressTicksAndSleep
 .text.vPortSetupTimerInterrupt
                0x00000000000006f4       0x68 ./freertos/src/port.o
                0x00000000000006f4                vPortSetupTimerInterrupt
 .text.xQueueCreateMutex
                0x000000000000075c       0x84 ./freertos/src/queue.o
                0x000000000000075c                xQueueCreateMutex
 .text.xQueueGenericSend
                0x00000000000007e0      0x110 ./freertos/src/queue.o
                0x00000000000007e0                xQueueGenericSend
 .text.xQueueGenericReceive
                0x00000000000008f0      0x16c ./freertos/src/queue.o
                0x00000000000008f0                xQueueGenericReceive
 .text.prvCopyDataToQueue
                0x0000000000000a5c       0xce ./freertos/src/queue.o
 .text.prvCopyDataFromQueue
                0x0000000000000b2a       0x4c ./freertos/src/queue.o
 .text.prvUnlockQueue
                0x0000000000000b76       0x98 ./freertos/src/queue.o
 .text.prvIsQueueEmpty
                0x0000000000000c0e       0x2c ./freertos/src/queue.o
 .text.prvIsQueueFull
                0x0000000000000c3a       0x30 ./freertos/src/queue.o
 *fill*         0x0000000000000c6a        0x2 ff
 .text.xTaskGenericCreate
                0x0000000000000c6c      0x140 ./freertos/src/tasks.o
                0x0000000000000c6c                xTaskGenericCreate
 .text.vTaskDelay
                0x0000000000000dac       0x54 ./freertos/src/tasks.o
                0x0000000000000dac                vTaskDelay
 .text.vTaskStartScheduler
                0x0000000000000e00       0x58 ./freertos/src/tasks.o
                0x0000000000000e00                vTaskStartScheduler
 .text.vTaskSuspendAll
                0x0000000000000e58       0x1c ./freertos/src/tasks.o
                0x0000000000000e58                vTaskSuspendAll
 .text.prvGetExpectedIdleTime
                0x0000000000000e74       0x4c ./freertos/src/tasks.o
 .text.xTaskResumeAll
                0x0000000000000ec0       0xfc ./freertos/src/tasks.o
                0x0000000000000ec0                xTaskResumeAll
 .text.vTaskStepTick
                0x0000000000000fbc       0x24 ./freertos/src/tasks.o
                0x0000000000000fbc                vTaskStepTick
 .text.xTaskIncrementTick
                0x0000000000000fe0      0x18c ./freertos/src/tasks.o
                0x0000000000000fe0                xTaskIncrementTick
 .text.vTaskSwitchContext
                0x000000000000116c       0x98 ./freertos/src/tasks.o
                0x000000000000116c                vTaskSwitchContext
 .text.vTaskPlaceOnEventList
                0x0000000000001204       0x60 ./freertos/src/tasks.o
                0x0000000000001204                vTaskPlaceOnEventList
 .text.xTaskRemoveFromEventList
                0x0000000000001264       0xac ./freertos/src/tasks.o
                0x0000000000001264                xTaskRemoveFromEventList
 .text.vTaskSetTimeOutState
                0x0000000000001310       0x2c ./freertos/src/tasks.o
                0x0000000000001310                vTaskSetTimeOutState
 .text.xTaskCheckForTimeOut
                0x000000000000133c       0x88 ./freertos/src/tasks.o
                0x000000000000133c                xTaskCheckForTimeOut
 .text.vTaskMissedYield
                0x00000000000013c4       0x18 ./freertos/src/tasks.o
                0x00000000000013c4                vTaskMissedYield
 .text.prvIdleTask
                0x00000000000013dc       0x48 ./freertos/src/tasks.o
 .text.eTaskConfirmSleepModeStatus
                0x0000000000001424       0x5c ./freertos/src/tasks.o
                0x0000000000001424                eTaskConfirmSleepModeStatus
 .text.prvInitialiseTCBVariables
                0x0000000000001480       0x98 ./freertos/src/tasks.o
 .text.prvInitialiseTaskLists
                0x0000000000001518       0x80 ./freertos/src/tasks.o
 .text.prvCheckTasksWaitingTermination
                0x0000000000001598       0x78 ./freertos/src/tasks.o
 .text.prvAddCurrentTaskToDelayedList
                0x0000000000001610       0x6c ./freertos/src/tasks.o
 .text.prvAllocateTCBAndStack
                0x000000000000167c       0x62 ./freertos/src/tasks.o
 .text.prvDeleteTCB
                0x00000000000016de       0x20 ./freertos/src/tasks.o
 *fill*         0x00000000000016fe        0x2 ff
 .text.xTaskGetCurrentTaskHandle
                0x0000000000001700       0x1c ./freertos/src/tasks.o
                0x0000000000001700                xTaskGetCurrentTaskHandle
 .text.vTaskPriorityInherit
                0x000000000000171c       0xb4 ./freertos/src/tasks.o
                0x000000000000171c                vTaskPriorityInherit
 .text.vTaskPriorityDisinherit
                0x00000000000017d0       0x7c ./freertos/src/tasks.o
                0x00000000000017d0                vTaskPriorityDisinherit
 .text.prvSetupHardware
                0x000000000000184c       0x28 ./example/src/mutex_single_task_freertos_blinky_RGB.o
 .text.vLEDTask
                0x0000000000001874       0x74 ./example/src/mutex_single_task_freertos_blinky_RGB.o
 .text.main     0x00000000000018e8       0x98 ./example/src/mutex_single_task_freertos_blinky_RGB.o
                0x00000000000018e8                main
 .text.SystemInit
                0x0000000000001980       0x24 ./example/src/sysinit.o
                0x0000000000001980                SystemInit
 .text.Chip_IOCON_Init
                0x00000000000019a4       0x16 /home/star/Documents/MCUXpresso_11.2.0_4120/workspace/lpc_board_nxp_lpcxpresso_1769/Debug/liblpc_board_nxp_lpcxpresso_1769.a(board.o)
 .text.Chip_GPIO_Init
                0x00000000000019ba       0x16 /home/star/Documents/MCUXpresso_11.2.0_4120/workspace/lpc_board_nxp_lpcxpresso_1769/Debug/liblpc_board_nxp_lpcxpresso_1769.a(board.o)
 .text.Chip_GPIO_SetPinState
                0x00000000000019d0       0x6a /home/star/Documents/MCUXpresso_11.2.0_4120/workspace/lpc_board_nxp_lpcxpresso_1769/Debug/liblpc_board_nxp_lpcxpresso_1769.a(board.o)
 .text.Chip_GPIO_WritePortBit
                0x0000000000001a3a       0x2c /home/star/Documents/MCUXpresso_11.2.0_4120/workspace/lpc_board_nxp_lpcxpresso_1769/Debug/liblpc_board_nxp_lpcxpresso_1769.a(board.o)
 .text.Chip_GPIO_SetPinDIROutput
                0x0000000000001a66       0x36 /home/star/Documents/MCUXpresso_11.2.0_4120/workspace/lpc_board_nxp_lpcxpresso_1769/Debug/liblpc_board_nxp_lpcxpresso_1769.a(board.o)
 .text.Chip_GPIO_SetPinDIRInput
                0x0000000000001a9c       0x3a /home/star/Documents/MCUXpresso_11.2.0_4120/workspace/lpc_board_nxp_lpcxpresso_1769/Debug/liblpc_board_nxp_lpcxpresso_1769.a(board.o)
 .text.Chip_GPIO_SetPinDIR
                0x0000000000001ad6       0x42 /home/star/Documents/MCUXpresso_11.2.0_4120/workspace/lpc_board_nxp_lpcxpresso_1769/Debug/liblpc_board_nxp_lpcxpresso_1769.a(board.o)
 .text.Chip_GPIO_WriteDirBit
                0x0000000000001b18       0x2e /home/star/Documents/MCUXpresso_11.2.0_4120/workspace/lpc_board_nxp_lpcxpresso_1769/Debug/liblpc_board_nxp_lpcxpresso_1769.a(board.o)
 .text.Chip_UART_SendByte
                0x0000000000001b46       0x1c /home/star/Documents/MCUXpresso_11.2.0_4120/workspace/lpc_board_nxp_lpcxpresso_1769/Debug/liblpc_board_nxp_lpcxpresso_1769.a(board.o)
 .text.Chip_UART_ConfigData
                0x0000000000001b62       0x1a /home/star/Documents/MCUXpresso_11.2.0_4120/workspace/lpc_board_nxp_lpcxpresso_1769/Debug/liblpc_board_nxp_lpcxpresso_1769.a(board.o)
 .text.Chip_UART_ReadLineStatus
                0x0000000000001b7c       0x16 /home/star/Documents/MCUXpresso_11.2.0_4120/workspace/lpc_board_nxp_lpcxpresso_1769/Debug/liblpc_board_nxp_lpcxpresso_1769.a(board.o)
 .text.__sys_write
                0x0000000000001b92       0x38 /home/star/Documents/MCUXpresso_11.2.0_4120/workspace/lpc_board_nxp_lpcxpresso_1769/Debug/liblpc_board_nxp_lpcxpresso_1769.a(board.o)
                0x0000000000001b92                __sys_write
 *fill*         0x0000000000001bca        0x2 ff
 .text.Board_LED_Init
                0x0000000000001bcc       0x30 /home/star/Documents/MCUXpresso_11.2.0_4120/workspace/lpc_board_nxp_lpcxpresso_1769/Debug/liblpc_board_nxp_lpcxpresso_1769.a(board.o)
 .text.Board_UART_Init
                0x0000000000001bfc       0x12 /home/star/Documents/MCUXpresso_11.2.0_4120/workspace/lpc_board_nxp_lpcxpresso_1769/Debug/liblpc_board_nxp_lpcxpresso_1769.a(board.o)
                0x0000000000001bfc                Board_UART_Init
 *fill*         0x0000000000001c0e        0x2 ff
 .text.Board_Debug_Init
                0x0000000000001c10       0x30 /home/star/Documents/MCUXpresso_11.2.0_4120/workspace/lpc_board_nxp_lpcxpresso_1769/Debug/liblpc_board_nxp_lpcxpresso_1769.a(board.o)
                0x0000000000001c10                Board_Debug_Init
 .text.Board_UARTPutChar
                0x0000000000001c40       0x34 /home/star/Documents/MCUXpresso_11.2.0_4120/workspace/lpc_board_nxp_lpcxpresso_1769/Debug/liblpc_board_nxp_lpcxpresso_1769.a(board.o)
                0x0000000000001c40                Board_UARTPutChar
 .text.Board_LED_Set
                0x0000000000001c74       0x58 /home/star/Documents/MCUXpresso_11.2.0_4120/workspace/lpc_board_nxp_lpcxpresso_1769/Debug/liblpc_board_nxp_lpcxpresso_1769.a(board.o)
                0x0000000000001c74                Board_LED_Set
 .text.Board_Init
                0x0000000000001ccc       0x24 /home/star/Documents/MCUXpresso_11.2.0_4120/workspace/lpc_board_nxp_lpcxpresso_1769/Debug/liblpc_board_nxp_lpcxpresso_1769.a(board.o)
                0x0000000000001ccc                Board_Init
 .text.Chip_SYSCTL_SetFLASHAccess
                0x0000000000001cf0       0x30 /home/star/Documents/MCUXpresso_11.2.0_4120/workspace/lpc_board_nxp_lpcxpresso_1769/Debug/liblpc_board_nxp_lpcxpresso_1769.a(board_sysinit.o)
 .text.Board_SetupMuxing
                0x0000000000001d20       0x1c /home/star/Documents/MCUXpresso_11.2.0_4120/workspace/lpc_board_nxp_lpcxpresso_1769/Debug/liblpc_board_nxp_lpcxpresso_1769.a(board_sysinit.o)
                0x0000000000001d20                Board_SetupMuxing
 .text.Board_SetupClocking
                0x0000000000001d3c       0x12 /home/star/Documents/MCUXpresso_11.2.0_4120/workspace/lpc_board_nxp_lpcxpresso_1769/Debug/liblpc_board_nxp_lpcxpresso_1769.a(board_sysinit.o)
                0x0000000000001d3c                Board_SetupClocking
 .text.Board_SystemInit
                0x0000000000001d4e       0x10 /home/star/Documents/MCUXpresso_11.2.0_4120/workspace/lpc_board_nxp_lpcxpresso_1769/Debug/liblpc_board_nxp_lpcxpresso_1769.a(board_sysinit.o)
                0x0000000000001d4e                Board_SystemInit
 *fill*         0x0000000000001d5e        0x2 ff
 .text.SystemCoreClockUpdate
                0x0000000000001d60       0x18 /home/star/Documents/MCUXpresso_11.2.0_4120/workspace/lpc_chip_175x_6x/Debug/liblpc_chip_175x_6x.a(chip_17xx_40xx.o)
                0x0000000000001d60                SystemCoreClockUpdate
 .text.Chip_Clock_IsMainPLLEnabled
                0x0000000000001d78       0x24 /home/star/Documents/MCUXpresso_11.2.0_4120/workspace/lpc_chip_175x_6x/Debug/liblpc_chip_175x_6x.a(clock_17xx_40xx.o)
 .text.Chip_Clock_IsMainPLLConnected
                0x0000000000001d9c       0x24 /home/star/Documents/MCUXpresso_11.2.0_4120/workspace/lpc_chip_175x_6x/Debug/liblpc_chip_175x_6x.a(clock_17xx_40xx.o)
 .text.Chip_Clock_FeedPLL
                0x0000000000001dc0       0x34 /home/star/Documents/MCUXpresso_11.2.0_4120/workspace/lpc_chip_175x_6x/Debug/liblpc_chip_175x_6x.a(clock_17xx_40xx.o)
 .text.Chip_Clock_GetMainPLLSource
                0x0000000000001df4       0x20 /home/star/Documents/MCUXpresso_11.2.0_4120/workspace/lpc_chip_175x_6x/Debug/liblpc_chip_175x_6x.a(clock_17xx_40xx.o)
 .text.Chip_Clock_GetMainOscRate
                0x0000000000001e14       0x14 /home/star/Documents/MCUXpresso_11.2.0_4120/workspace/lpc_chip_175x_6x/Debug/liblpc_chip_175x_6x.a(clock_17xx_40xx.o)
 .text.Chip_Clock_GetIntOscRate
                0x0000000000001e28       0x14 /home/star/Documents/MCUXpresso_11.2.0_4120/workspace/lpc_chip_175x_6x/Debug/liblpc_chip_175x_6x.a(clock_17xx_40xx.o)
 .text.Chip_Clock_GetRTCOscRate
                0x0000000000001e3c       0x14 /home/star/Documents/MCUXpresso_11.2.0_4120/workspace/lpc_chip_175x_6x/Debug/liblpc_chip_175x_6x.a(clock_17xx_40xx.o)
 .text.Chip_Clock_GetMainPLLInClockRate
                0x0000000000001e50        0xe /home/star/Documents/MCUXpresso_11.2.0_4120/workspace/lpc_chip_175x_6x/Debug/liblpc_chip_175x_6x.a(clock_17xx_40xx.o)
 *fill*         0x0000000000001e5e        0x2 ff
 .text.Chip_Clock_EnablePLL
                0x0000000000001e60       0x44 /home/star/Documents/MCUXpresso_11.2.0_4120/workspace/lpc_chip_175x_6x/Debug/liblpc_chip_175x_6x.a(clock_17xx_40xx.o)
                0x0000000000001e60                Chip_Clock_EnablePLL
 .text.Chip_Clock_DisablePLL
                0x0000000000001ea4       0x48 /home/star/Documents/MCUXpresso_11.2.0_4120/workspace/lpc_chip_175x_6x/Debug/liblpc_chip_175x_6x.a(clock_17xx_40xx.o)
                0x0000000000001ea4                Chip_Clock_DisablePLL
 .text.Chip_Clock_SetupPLL
                0x0000000000001eec       0x5c /home/star/Documents/MCUXpresso_11.2.0_4120/workspace/lpc_chip_175x_6x/Debug/liblpc_chip_175x_6x.a(clock_17xx_40xx.o)
                0x0000000000001eec                Chip_Clock_SetupPLL
 .text.Chip_Clock_EnablePeriphClock
                0x0000000000001f48       0x34 /home/star/Documents/MCUXpresso_11.2.0_4120/workspace/lpc_chip_175x_6x/Debug/liblpc_chip_175x_6x.a(clock_17xx_40xx.o)
                0x0000000000001f48                Chip_Clock_EnablePeriphClock
 .text.Chip_Clock_GetCPUClockSource
                0x0000000000001f7c       0x24 /home/star/Documents/MCUXpresso_11.2.0_4120/workspace/lpc_chip_175x_6x/Debug/liblpc_chip_175x_6x.a(clock_17xx_40xx.o)
                0x0000000000001f7c                Chip_Clock_GetCPUClockSource
 .text.Chip_Clock_SetCPUClockDiv
                0x0000000000001fa0       0x20 /home/star/Documents/MCUXpresso_11.2.0_4120/workspace/lpc_chip_175x_6x/Debug/liblpc_chip_175x_6x.a(clock_17xx_40xx.o)
                0x0000000000001fa0                Chip_Clock_SetCPUClockDiv
 .text.Chip_Clock_GetCPUClockDiv
                0x0000000000001fc0       0x1c /home/star/Documents/MCUXpresso_11.2.0_4120/workspace/lpc_chip_175x_6x/Debug/liblpc_chip_175x_6x.a(clock_17xx_40xx.o)
                0x0000000000001fc0                Chip_Clock_GetCPUClockDiv
 .text.Chip_Clock_GetPCLKDiv
                0x0000000000001fdc       0x8c /home/star/Documents/MCUXpresso_11.2.0_4120/workspace/lpc_chip_175x_6x/Debug/liblpc_chip_175x_6x.a(clock_17xx_40xx.o)
                0x0000000000001fdc                Chip_Clock_GetPCLKDiv
 .text.Chip_Clock_GetSYSCLKRate
                0x0000000000002068       0x3a /home/star/Documents/MCUXpresso_11.2.0_4120/workspace/lpc_chip_175x_6x/Debug/liblpc_chip_175x_6x.a(clock_17xx_40xx.o)
                0x0000000000002068                Chip_Clock_GetSYSCLKRate
 *fill*         0x00000000000020a2        0x2 ff
 .text.Chip_Clock_GetMainPLLOutClockRate
                0x00000000000020a4       0x54 /home/star/Documents/MCUXpresso_11.2.0_4120/workspace/lpc_chip_175x_6x/Debug/liblpc_chip_175x_6x.a(clock_17xx_40xx.o)
                0x00000000000020a4                Chip_Clock_GetMainPLLOutClockRate
 .text.Chip_Clock_GetMainClockRate
                0x00000000000020f8       0x28 /home/star/Documents/MCUXpresso_11.2.0_4120/workspace/lpc_chip_175x_6x/Debug/liblpc_chip_175x_6x.a(clock_17xx_40xx.o)
                0x00000000000020f8                Chip_Clock_GetMainClockRate
 .text.Chip_Clock_GetSystemClockRate
                0x0000000000002120       0x18 /home/star/Documents/MCUXpresso_11.2.0_4120/workspace/lpc_chip_175x_6x/Debug/liblpc_chip_175x_6x.a(clock_17xx_40xx.o)
                0x0000000000002120                Chip_Clock_GetSystemClockRate
 .text.Chip_Clock_GetPeripheralClockRate
                0x0000000000002138       0x26 /home/star/Documents/MCUXpresso_11.2.0_4120/workspace/lpc_chip_175x_6x/Debug/liblpc_chip_175x_6x.a(clock_17xx_40xx.o)
                0x0000000000002138                Chip_Clock_GetPeripheralClockRate
 .text.Chip_IOCON_PinMuxSet
                0x000000000000215e       0x36 /home/star/Documents/MCUXpresso_11.2.0_4120/workspace/lpc_chip_175x_6x/Debug/liblpc_chip_175x_6x.a(iocon_17xx_40xx.o)
                0x000000000000215e                Chip_IOCON_PinMuxSet
 .text.Chip_IOCON_PinMux
                0x0000000000002194       0x94 /home/star/Documents/MCUXpresso_11.2.0_4120/workspace/lpc_chip_175x_6x/Debug/liblpc_chip_175x_6x.a(iocon_17xx_40xx.o)
                0x0000000000002194                Chip_IOCON_PinMux
 .text.Chip_IOCON_SetPinMuxing
                0x0000000000002228       0x64 /home/star/Documents/MCUXpresso_11.2.0_4120/workspace/lpc_chip_175x_6x/Debug/liblpc_chip_175x_6x.a(iocon_17xx_40xx.o)
                0x0000000000002228                Chip_IOCON_SetPinMuxing
 .text.Chip_Clock_IsMainPLLEnabled
                0x000000000000228c       0x24 /home/star/Documents/MCUXpresso_11.2.0_4120/workspace/lpc_chip_175x_6x/Debug/liblpc_chip_175x_6x.a(sysinit_17xx_40xx.o)
 .text.Chip_Clock_IsMainPLLLocked
                0x00000000000022b0       0x24 /home/star/Documents/MCUXpresso_11.2.0_4120/workspace/lpc_chip_175x_6x/Debug/liblpc_chip_175x_6x.a(sysinit_17xx_40xx.o)
 .text.Chip_Clock_IsMainPLLConnected
                0x00000000000022d4       0x24 /home/star/Documents/MCUXpresso_11.2.0_4120/workspace/lpc_chip_175x_6x/Debug/liblpc_chip_175x_6x.a(sysinit_17xx_40xx.o)
 .text.Chip_Clock_EnableCrystal
                0x00000000000022f8       0x20 /home/star/Documents/MCUXpresso_11.2.0_4120/workspace/lpc_chip_175x_6x/Debug/liblpc_chip_175x_6x.a(sysinit_17xx_40xx.o)
 .text.Chip_Clock_IsCrystalEnabled
                0x0000000000002318       0x24 /home/star/Documents/MCUXpresso_11.2.0_4120/workspace/lpc_chip_175x_6x/Debug/liblpc_chip_175x_6x.a(sysinit_17xx_40xx.o)
 .text.Chip_Clock_SetMainPLLSource
                0x000000000000233c       0x20 /home/star/Documents/MCUXpresso_11.2.0_4120/workspace/lpc_chip_175x_6x/Debug/liblpc_chip_175x_6x.a(sysinit_17xx_40xx.o)
 .text.Chip_SetupXtalClocking
                0x000000000000235c       0x90 /home/star/Documents/MCUXpresso_11.2.0_4120/workspace/lpc_chip_175x_6x/Debug/liblpc_chip_175x_6x.a(sysinit_17xx_40xx.o)
                0x000000000000235c                Chip_SetupXtalClocking
 .text.Chip_UART_SetupFIFOS
                0x00000000000023ec       0x1a /home/star/Documents/MCUXpresso_11.2.0_4120/workspace/lpc_chip_175x_6x/Debug/liblpc_chip_175x_6x.a(uart_17xx_40xx.o)
 .text.Chip_UART_ConfigData
                0x0000000000002406       0x1a /home/star/Documents/MCUXpresso_11.2.0_4120/workspace/lpc_chip_175x_6x/Debug/liblpc_chip_175x_6x.a(uart_17xx_40xx.o)
 .text.Chip_UART_EnableDivisorAccess
                0x0000000000002420       0x1e /home/star/Documents/MCUXpresso_11.2.0_4120/workspace/lpc_chip_175x_6x/Debug/liblpc_chip_175x_6x.a(uart_17xx_40xx.o)
 .text.Chip_UART_DisableDivisorAccess
                0x000000000000243e       0x1e /home/star/Documents/MCUXpresso_11.2.0_4120/workspace/lpc_chip_175x_6x/Debug/liblpc_chip_175x_6x.a(uart_17xx_40xx.o)
 .text.Chip_UART_SetDivisorLatches
                0x000000000000245c       0x26 /home/star/Documents/MCUXpresso_11.2.0_4120/workspace/lpc_chip_175x_6x/Debug/liblpc_chip_175x_6x.a(uart_17xx_40xx.o)
 *fill*         0x0000000000002482        0x2 ff
 .text.Chip_UART_GetClockIndex
                0x0000000000002484       0x50 /home/star/Documents/MCUXpresso_11.2.0_4120/workspace/lpc_chip_175x_6x/Debug/liblpc_chip_175x_6x.a(uart_17xx_40xx.o)
 .text.Chip_UART_GetClkIndex
                0x00000000000024d4       0x50 /home/star/Documents/MCUXpresso_11.2.0_4120/workspace/lpc_chip_175x_6x/Debug/liblpc_chip_175x_6x.a(uart_17xx_40xx.o)
 .text.Chip_UART_Init
                0x0000000000002524       0x78 /home/star/Documents/MCUXpresso_11.2.0_4120/workspace/lpc_chip_175x_6x/Debug/liblpc_chip_175x_6x.a(uart_17xx_40xx.o)
                0x0000000000002524                Chip_UART_Init
 .text.Chip_UART_TXEnable
                0x000000000000259c       0x18 /home/star/Documents/MCUXpresso_11.2.0_4120/workspace/lpc_chip_175x_6x/Debug/liblpc_chip_175x_6x.a(uart_17xx_40xx.o)
                0x000000000000259c                Chip_UART_TXEnable
 .text.Chip_UART_TXDisable
                0x00000000000025b4       0x18 /home/star/Documents/MCUXpresso_11.2.0_4120/workspace/lpc_chip_175x_6x/Debug/liblpc_chip_175x_6x.a(uart_17xx_40xx.o)
                0x00000000000025b4                Chip_UART_TXDisable
 .text.Chip_UART_SetBaud
                0x00000000000025cc       0x62 /home/star/Documents/MCUXpresso_11.2.0_4120/workspace/lpc_chip_175x_6x/Debug/liblpc_chip_175x_6x.a(uart_17xx_40xx.o)
                0x00000000000025cc                Chip_UART_SetBaud
 .text.__main   0x000000000000262e        0xe /usr/local/mcuxpressoide-11.2.0_4120/ide/plugins/com.nxp.mcuxpresso.tools.linux_11.2.0.202001021529/tools/bin/../lib/gcc/arm-none-eabi/9.2.1/../../../../arm-none-eabi/lib/thumb/v7-m/nofp/libcr_nohost.a(_cr__main.o)
                0x000000000000262e                __main
 .text.memcpy   0x000000000000263c        0x4 /usr/local/mcuxpressoide-11.2.0_4120/ide/plugins/com.nxp.mcuxpresso.tools.linux_11.2.0.202001021529/tools/bin/../lib/gcc/arm-none-eabi/9.2.1/../../../../arm-none-eabi/lib/thumb/v7-m/nofp/libcr_c.a(memcpy.o)
                0x000000000000263c                memcpy
 .text.memset   0x0000000000002640        0x4 /usr/local/mcuxpressoide-11.2.0_4120/ide/plugins/com.nxp.mcuxpresso.tools.linux_11.2.0.202001021529/tools/bin/../lib/gcc/arm-none-eabi/9.2.1/../../../../arm-none-eabi/lib/thumb/v7-m/nofp/libcr_c.a(memset.o)
                0x0000000000002640                memset
 .text.malloc   0x0000000000002644       0xc8 /usr/local/mcuxpressoide-11.2.0_4120/ide/plugins/com.nxp.mcuxpresso.tools.linux_11.2.0.202001021529/tools/bin/../lib/gcc/arm-none-eabi/9.2.1/../../../../arm-none-eabi/lib/thumb/v7-m/nofp/libcr_c.a(alloc.o)
                0x0000000000002644                malloc
 .text.free     0x000000000000270c       0x30 /usr/local/mcuxpressoide-11.2.0_4120/ide/plugins/com.nxp.mcuxpresso.tools.linux_11.2.0.202001021529/tools/bin/../lib/gcc/arm-none-eabi/9.2.1/../../../../arm-none-eabi/lib/thumb/v7-m/nofp/libcr_c.a(alloc.o)
                0x000000000000270c                free
 .text._initio  0x000000000000273c       0x78 /usr/local/mcuxpressoide-11.2.0_4120/ide/plugins/com.nxp.mcuxpresso.tools.linux_11.2.0.202001021529/tools/bin/../lib/gcc/arm-none-eabi/9.2.1/../../../../arm-none-eabi/lib/thumb/v7-m/nofp/libcr_c.a(initio.o)
                0x000000000000273c                _initio
 .text.setvbuf  0x00000000000027b4       0x3e /usr/local/mcuxpressoide-11.2.0_4120/ide/plugins/com.nxp.mcuxpresso.tools.linux_11.2.0.202001021529/tools/bin/../lib/gcc/arm-none-eabi/9.2.1/../../../../arm-none-eabi/lib/thumb/v7-m/nofp/libcr_c.a(setvbuf.o)
                0x00000000000027b4                setvbuf
 .text.strlen   0x00000000000027f2       0x4c /usr/local/mcuxpressoide-11.2.0_4120/ide/plugins/com.nxp.mcuxpresso.tools.linux_11.2.0.202001021529/tools/bin/../lib/gcc/arm-none-eabi/9.2.1/../../../../arm-none-eabi/lib/thumb/v7-m/nofp/libcr_c.a(strlen.o)
                0x00000000000027f2                strlen
 *fill*         0x000000000000283e        0x2 ff
 .text._sbrk    0x0000000000002840       0x3c /usr/local/mcuxpressoide-11.2.0_4120/ide/plugins/com.nxp.mcuxpresso.tools.linux_11.2.0.202001021529/tools/bin/../lib/gcc/arm-none-eabi/9.2.1/../../../../arm-none-eabi/lib/thumb/v7-m/nofp/libcr_c.a(_cr_sbrk.o)
                0x0000000000002840                _sbrk
 .text._deferredlazyseek
                0x000000000000287c       0x40 /usr/local/mcuxpressoide-11.2.0_4120/ide/plugins/com.nxp.mcuxpresso.tools.linux_11.2.0.202001021529/tools/bin/../lib/gcc/arm-none-eabi/9.2.1/../../../../arm-none-eabi/lib/thumb/v7-m/nofp/libcr_c.a(_deferredlazyseek.o)
                0x000000000000287c                _deferredlazyseek
 .text._fdopen  0x00000000000028bc       0x68 /usr/local/mcuxpressoide-11.2.0_4120/ide/plugins/com.nxp.mcuxpresso.tools.linux_11.2.0.202001021529/tools/bin/../lib/gcc/arm-none-eabi/9.2.1/../../../../arm-none-eabi/lib/thumb/v7-m/nofp/libcr_c.a(_fdopen.o)
                0x00000000000028bc                _fdopen
 .text._fflush  0x0000000000002924       0x52 /usr/local/mcuxpressoide-11.2.0_4120/ide/plugins/com.nxp.mcuxpresso.tools.linux_11.2.0.202001021529/tools/bin/../lib/gcc/arm-none-eabi/9.2.1/../../../../arm-none-eabi/lib/thumb/v7-m/nofp/libcr_c.a(_fflush.o)
                0x0000000000002924                _fflush
 *fill*         0x0000000000002976        0x2 ff
 .text._Cwritebuf
                0x0000000000002978       0x6c /usr/local/mcuxpressoide-11.2.0_4120/ide/plugins/com.nxp.mcuxpresso.tools.linux_11.2.0.202001021529/tools/bin/../lib/gcc/arm-none-eabi/9.2.1/../../../../arm-none-eabi/lib/thumb/v7-m/nofp/libcr_c.a(_writebuf.o)
                0x0000000000002978                _Cwritebuf
 .text.fclose   0x00000000000029e4       0x58 /usr/local/mcuxpressoide-11.2.0_4120/ide/plugins/com.nxp.mcuxpresso.tools.linux_11.2.0.202001021529/tools/bin/../lib/gcc/arm-none-eabi/9.2.1/../../../../arm-none-eabi/lib/thumb/v7-m/nofp/libcr_c.a(fclose.o)
                0x00000000000029e4                fclose
 .text.fflush   0x0000000000002a3c       0x44 /usr/local/mcuxpressoide-11.2.0_4120/ide/plugins/com.nxp.mcuxpresso.tools.linux_11.2.0.202001021529/tools/bin/../lib/gcc/arm-none-eabi/9.2.1/../../../../arm-none-eabi/lib/thumb/v7-m/nofp/libcr_c.a(fflush.o)
                0x0000000000002a3c                fflush
 .text.fseek    0x0000000000002a80      0x100 /usr/local/mcuxpressoide-11.2.0_4120/ide/plugins/com.nxp.mcuxpresso.tools.linux_11.2.0.202001021529/tools/bin/../lib/gcc/arm-none-eabi/9.2.1/../../../../arm-none-eabi/lib/thumb/v7-m/nofp/libcr_c.a(fseek.o)
                0x0000000000002a80                fseek
 .text.ftell    0x0000000000002b80       0x44 /usr/local/mcuxpressoide-11.2.0_4120/ide/plugins/com.nxp.mcuxpresso.tools.linux_11.2.0.202001021529/tools/bin/../lib/gcc/arm-none-eabi/9.2.1/../../../../arm-none-eabi/lib/thumb/v7-m/nofp/libcr_c.a(ftell.o)
                0x0000000000002b80                ftell
 .text.remove   0x0000000000002bc4       0x14 /usr/local/mcuxpressoide-11.2.0_4120/ide/plugins/com.nxp.mcuxpresso.tools.linux_11.2.0.202001021529/tools/bin/../lib/gcc/arm-none-eabi/9.2.1/../../../../arm-none-eabi/lib/thumb/v7-m/nofp/libcr_c.a(remove.o)
                0x0000000000002bc4                remove
 .text.__check_heap_overflow
                0x0000000000002bd8       0x14 /usr/local/mcuxpressoide-11.2.0_4120/ide/plugins/com.nxp.mcuxpresso.tools.linux_11.2.0.202001021529/tools/bin/../lib/gcc/arm-none-eabi/9.2.1/../../../../arm-none-eabi/lib/thumb/v7-m/nofp/libcr_c.a(_cr_check_heap.o)
                0x0000000000002bd8                __check_heap_overflow
 .text._do_fflush
                0x0000000000002bec       0x40 /usr/local/mcuxpressoide-11.2.0_4120/ide/plugins/com.nxp.mcuxpresso.tools.linux_11.2.0.202001021529/tools/bin/../lib/gcc/arm-none-eabi/9.2.1/../../../../arm-none-eabi/lib/thumb/v7-m/nofp/libcr_c.a(_do_fflush.o)
                0x0000000000002bec                _do_fflush
 .text.__aeabi_memcpy
                0x0000000000002c2c       0x34 /usr/local/mcuxpressoide-11.2.0_4120/ide/plugins/com.nxp.mcuxpresso.tools.linux_11.2.0.202001021529/tools/bin/../lib/gcc/arm-none-eabi/9.2.1/thumb/v7-m/nofp/libcr_eabihelpers.a(memcpy.o)
                0x0000000000002c2c                __aeabi_memcpy
                0x0000000000002c36                __aeabi_memcpy4
                0x0000000000002c36                __aeabi_memcpy8
 .text.__aeabi_memset_lowlevel
                0x0000000000002c60       0x32 /usr/local/mcuxpressoide-11.2.0_4120/ide/plugins/com.nxp.mcuxpresso.tools.linux_11.2.0.202001021529/tools/bin/../lib/gcc/arm-none-eabi/9.2.1/thumb/v7-m/nofp/libcr_eabihelpers.a(memcpy.o)
                0x0000000000002c60                __aeabi_lowlevel_memset
 .text.__sys_close
                0x0000000000002c92        0x6 /usr/local/mcuxpressoide-11.2.0_4120/ide/plugins/com.nxp.mcuxpresso.tools.linux_11.2.0.202001021529/tools/bin/../lib/gcc/arm-none-eabi/9.2.1/../../../../arm-none-eabi/lib/thumb/v7-m/nofp/libcr_nohost.a(__sys_close.o)
                0x0000000000002c92                __sys_close
 .text.__sys_flen
                0x0000000000002c98        0x6 /usr/local/mcuxpressoide-11.2.0_4120/ide/plugins/com.nxp.mcuxpresso.tools.linux_11.2.0.202001021529/tools/bin/../lib/gcc/arm-none-eabi/9.2.1/../../../../arm-none-eabi/lib/thumb/v7-m/nofp/libcr_nohost.a(__sys_flen.o)
                0x0000000000002c98                __sys_flen
 .text.__sys_istty
                0x0000000000002c9e        0x6 /usr/local/mcuxpressoide-11.2.0_4120/ide/plugins/com.nxp.mcuxpresso.tools.linux_11.2.0.202001021529/tools/bin/../lib/gcc/arm-none-eabi/9.2.1/../../../../arm-none-eabi/lib/thumb/v7-m/nofp/libcr_nohost.a(__sys_istty.o)
                0x0000000000002c9e                __sys_istty
 .text.__sys_remove
                0x0000000000002ca4        0x6 /usr/local/mcuxpressoide-11.2.0_4120/ide/plugins/com.nxp.mcuxpresso.tools.linux_11.2.0.202001021529/tools/bin/../lib/gcc/arm-none-eabi/9.2.1/../../../../arm-none-eabi/lib/thumb/v7-m/nofp/libcr_nohost.a(__sys_remove.o)
                0x0000000000002ca4                __sys_remove
 .text.__sys_seek
                0x0000000000002caa        0x6 /usr/local/mcuxpressoide-11.2.0_4120/ide/plugins/com.nxp.mcuxpresso.tools.linux_11.2.0.202001021529/tools/bin/../lib/gcc/arm-none-eabi/9.2.1/../../../../arm-none-eabi/lib/thumb/v7-m/nofp/libcr_nohost.a(__sys_seek.o)
                0x0000000000002caa                __sys_seek
 .text.__sys_tmpnam
                0x0000000000002cb0        0x6 /usr/local/mcuxpressoide-11.2.0_4120/ide/plugins/com.nxp.mcuxpresso.tools.linux_11.2.0.202001021529/tools/bin/../lib/gcc/arm-none-eabi/9.2.1/../../../../arm-none-eabi/lib/thumb/v7-m/nofp/libcr_nohost.a(__sys_tmpnam.o)
                0x0000000000002cb0                __sys_tmpnam
 */tasks.o(.rodata*)
 *fill*         0x0000000000002cb6        0x2 ff
 .rodata.vTaskStartScheduler.str1.4
                0x0000000000002cb8        0x5 ./freertos/src/tasks.o
 *(.rodata .rodata.* .constdata .constdata.*)
 *fill*         0x0000000000002cbd        0x3 ff
 .rodata.main.str1.4
                0x0000000000002cc0       0x22 ./example/src/mutex_single_task_freertos_blinky_RGB.o
 *fill*         0x0000000000002ce2        0x2 ff
 .rodata.OscRateIn
                0x0000000000002ce4        0x4 /home/star/Documents/MCUXpresso_11.2.0_4120/workspace/lpc_board_nxp_lpcxpresso_1769/Debug/liblpc_board_nxp_lpcxpresso_1769.a(board.o)
                0x0000000000002ce4                OscRateIn
 .rodata.RTCOscRateIn
                0x0000000000002ce8        0x4 /home/star/Documents/MCUXpresso_11.2.0_4120/workspace/lpc_board_nxp_lpcxpresso_1769/Debug/liblpc_board_nxp_lpcxpresso_1769.a(board.o)
                0x0000000000002ce8                RTCOscRateIn
 .rodata.pinmuxing
                0x0000000000002cec       0x5c /home/star/Documents/MCUXpresso_11.2.0_4120/workspace/lpc_board_nxp_lpcxpresso_1769/Debug/liblpc_board_nxp_lpcxpresso_1769.a(board_sysinit.o)
 .rodata._initio.str1.1
                0x0000000000002d48        0x4 /usr/local/mcuxpressoide-11.2.0_4120/ide/plugins/com.nxp.mcuxpresso.tools.linux_11.2.0.202001021529/tools/bin/../lib/gcc/arm-none-eabi/9.2.1/../../../../arm-none-eabi/lib/thumb/v7-m/nofp/libcr_c.a(initio.o)
 .rodata.__num_Ciob_streams
                0x0000000000002d4c        0x4 /usr/local/mcuxpressoide-11.2.0_4120/ide/plugins/com.nxp.mcuxpresso.tools.linux_11.2.0.202001021529/tools/bin/../lib/gcc/arm-none-eabi/9.2.1/../../../../arm-none-eabi/lib/thumb/v7-m/nofp/libcr_nohost.a(__ciob.o)
                0x0000000000002d4c                __num_Ciob_streams
                0x0000000000002d50                . = ALIGN (0x4)

.glue_7         0x0000000000002d50        0x0
 .glue_7        0x0000000000002d50        0x0 linker stubs

.glue_7t        0x0000000000002d50        0x0
 .glue_7t       0x0000000000002d50        0x0 linker stubs

.vfp11_veneer   0x0000000000002d50        0x0
 .vfp11_veneer  0x0000000000002d50        0x0 linker stubs

.v4_bx          0x0000000000002d50        0x0
 .v4_bx         0x0000000000002d50        0x0 linker stubs

.iplt           0x0000000000002d50        0x0
 .iplt          0x0000000000002d50        0x0 ./freertos/src/FreeRTOSCommonHooks.o

.rel.dyn        0x0000000000002d50        0x0
 .rel.iplt      0x0000000000002d50        0x0 ./freertos/src/FreeRTOSCommonHooks.o

.ARM.extab
 *(.ARM.extab* .gnu.linkonce.armextab.*)

.ARM.exidx      0x0000000000002d50        0x0
                0x0000000000002d50                __exidx_start = .
 *(.ARM.exidx* .gnu.linkonce.armexidx.*)
                0x0000000000002d50                __exidx_end = .
                0x0000000000002d50                _etext = .

.data_RAM2      0x000000002007c000        0x0 load address 0x0000000000002d50
 FILL mask 0xff
                [!provide]                        PROVIDE (__start_data_RAM2 = .)
                [!provide]                        PROVIDE (__start_data_RamAHB32 = .)
 *(.ramfunc.$RAM2)
 *(.ramfunc.$RamAHB32)
 *(.data.$RAM2)
 *(.data.$RamAHB32)
 *(.data.$RAM2.*)
 *(.data.$RamAHB32.*)
                0x000000002007c000                . = ALIGN (0x4)
                [!provide]                        PROVIDE (__end_data_RAM2 = .)
                [!provide]                        PROVIDE (__end_data_RamAHB32 = .)

.uninit_RESERVED
                0x0000000010000000        0x0
                0x0000000010000000                _start_uninit_RESERVED = .
 *(.bss.$RESERVED*)
                0x0000000010000000                . = ALIGN (0x4)
                0x0000000010000000                _end_uninit_RESERVED = .

.data           0x0000000010000000        0xc load address 0x0000000000002d50
 FILL mask 0xff
                0x0000000010000000                _data = .
                [!provide]                        PROVIDE (__start_data_RAM = .)
                [!provide]                        PROVIDE (__start_data_RamLoc32 = .)
 *(vtable)
 *(.ramfunc*)
 *(CodeQuickAccess)
 *(DataQuickAccess)
 *(RamFunction)
 *(.data*)
 .data.uxCriticalNesting
                0x0000000010000000        0x4 ./freertos/src/port.o
 .data.xNextTaskUnblockTime
                0x0000000010000004        0x4 ./freertos/src/tasks.o
 .data.green_led
                0x0000000010000008        0x1 ./example/src/mutex_single_task_freertos_blinky_RGB.o
                0x0000000010000008                green_led
 .data.blue_led
                0x0000000010000009        0x1 ./example/src/mutex_single_task_freertos_blinky_RGB.o
                0x0000000010000009                blue_led
                0x000000001000000c                . = ALIGN (0x4)
 *fill*         0x000000001000000a        0x2 ff
                0x000000001000000c                _edata = .
                [!provide]                        PROVIDE (__end_data_RAM = .)
                [!provide]                        PROVIDE (__end_data_RamLoc32 = .)

.igot.plt       0x000000001000000c        0x0 load address 0x0000000000002d5c
 .igot.plt      0x000000001000000c        0x0 ./freertos/src/FreeRTOSCommonHooks.o

.bss_RAM2       0x000000002007c000        0x0
                [!provide]                        PROVIDE (__start_bss_RAM2 = .)
                [!provide]                        PROVIDE (__start_bss_RamAHB32 = .)
 *(.bss.$RAM2)
 *(.bss.$RamAHB32)
 *(.bss.$RAM2.*)
 *(.bss.$RamAHB32.*)
                0x000000002007c000                . = ALIGN ((. != 0x0)?0x4:0x1)
                [!provide]                        PROVIDE (__end_bss_RAM2 = .)
                [!provide]                        PROVIDE (__end_bss_RamAHB32 = .)

.bss            0x000000001000000c      0x33c
                0x000000001000000c                _bss = .
                [!provide]                        PROVIDE (__start_bss_RAM = .)
                [!provide]                        PROVIDE (__start_bss_RamLoc32 = .)
 *(.bss*)
 .bss.ulTimerCountsForOneTick
                0x000000001000000c        0x4 ./freertos/src/port.o
 .bss.xMaximumPossibleSuppressedTicks
                0x0000000010000010        0x4 ./freertos/src/port.o
 .bss.ulStoppedTimerCompensation
                0x0000000010000014        0x4 ./freertos/src/port.o
 .bss.pxCurrentTCB
                0x0000000010000018        0x4 ./freertos/src/tasks.o
                0x0000000010000018                pxCurrentTCB
 .bss.pxReadyTasksLists
                0x000000001000001c       0xa0 ./freertos/src/tasks.o
 .bss.xDelayedTaskList1
                0x00000000100000bc       0x14 ./freertos/src/tasks.o
 .bss.xDelayedTaskList2
                0x00000000100000d0       0x14 ./freertos/src/tasks.o
 .bss.pxDelayedTaskList
                0x00000000100000e4        0x4 ./freertos/src/tasks.o
 .bss.pxOverflowDelayedTaskList
                0x00000000100000e8        0x4 ./freertos/src/tasks.o
 .bss.xPendingReadyList
                0x00000000100000ec       0x14 ./freertos/src/tasks.o
 .bss.xTasksWaitingTermination
                0x0000000010000100       0x14 ./freertos/src/tasks.o
 .bss.uxTasksDeleted
                0x0000000010000114        0x4 ./freertos/src/tasks.o
 .bss.xSuspendedTaskList
                0x0000000010000118       0x14 ./freertos/src/tasks.o
 .bss.uxCurrentNumberOfTasks
                0x000000001000012c        0x4 ./freertos/src/tasks.o
 .bss.xTickCount
                0x0000000010000130        0x4 ./freertos/src/tasks.o
 .bss.uxTopReadyPriority
                0x0000000010000134        0x4 ./freertos/src/tasks.o
 .bss.xSchedulerRunning
                0x0000000010000138        0x4 ./freertos/src/tasks.o
 .bss.uxSchedulerSuspended
                0x000000001000013c        0x4 ./freertos/src/tasks.o
 .bss.uxPendedTicks
                0x0000000010000140        0x4 ./freertos/src/tasks.o
 .bss.xYieldPending
                0x0000000010000144        0x4 ./freertos/src/tasks.o
 .bss.xNumOfOverflows
                0x0000000010000148        0x4 ./freertos/src/tasks.o
 .bss.uxTaskNumber
                0x000000001000014c        0x4 ./freertos/src/tasks.o
 .bss.red_led   0x0000000010000150        0x1 ./example/src/mutex_single_task_freertos_blinky_RGB.o
                0x0000000010000150                red_led
 *fill*         0x0000000010000151        0x3 
 .bss.__end_of_heap
                0x0000000010000154        0x4 /usr/local/mcuxpressoide-11.2.0_4120/ide/plugins/com.nxp.mcuxpresso.tools.linux_11.2.0.202001021529/tools/bin/../lib/gcc/arm-none-eabi/9.2.1/../../../../arm-none-eabi/lib/thumb/v7-m/nofp/libcr_c.a(__init_alloc.o)
                0x0000000010000154                __end_of_heap
 .bss.__heaps   0x0000000010000158        0x4 /usr/local/mcuxpressoide-11.2.0_4120/ide/plugins/com.nxp.mcuxpresso.tools.linux_11.2.0.202001021529/tools/bin/../lib/gcc/arm-none-eabi/9.2.1/../../../../arm-none-eabi/lib/thumb/v7-m/nofp/libcr_c.a(__init_alloc.o)
                0x0000000010000158                __heaps
 .bss.errno     0x000000001000015c        0x4 /usr/local/mcuxpressoide-11.2.0_4120/ide/plugins/com.nxp.mcuxpresso.tools.linux_11.2.0.202001021529/tools/bin/../lib/gcc/arm-none-eabi/9.2.1/../../../../arm-none-eabi/lib/thumb/v7-m/nofp/libcr_c.a(errno.o)
                0x000000001000015c                errno
 .bss.__Ciob    0x0000000010000160      0x1e0 /usr/local/mcuxpressoide-11.2.0_4120/ide/plugins/com.nxp.mcuxpresso.tools.linux_11.2.0.202001021529/tools/bin/../lib/gcc/arm-none-eabi/9.2.1/../../../../arm-none-eabi/lib/thumb/v7-m/nofp/libcr_nohost.a(__ciob.o)
                0x0000000010000160                __Ciob
 *(COMMON)
 COMMON         0x0000000010000340        0x4 ./example/src/mutex_single_task_freertos_blinky_RGB.o
                0x0000000010000340                Mutex_h
 COMMON         0x0000000010000344        0x4 /home/star/Documents/MCUXpresso_11.2.0_4120/workspace/lpc_chip_175x_6x/Debug/liblpc_chip_175x_6x.a(chip_17xx_40xx.o)
                0x0000000010000344                SystemCoreClock
                0x0000000010000348                . = ALIGN (0x4)
                0x0000000010000348                _ebss = .
                [!provide]                        PROVIDE (__end_bss_RAM = .)
                [!provide]                        PROVIDE (__end_bss_RamLoc32 = .)
                [!provide]                        PROVIDE (end = .)

.noinit_RAM2    0x000000002007c000        0x0
                [!provide]                        PROVIDE (__start_noinit_RAM2 = .)
                [!provide]                        PROVIDE (__start_noinit_RamAHB32 = .)
 *(.noinit.$RAM2)
 *(.noinit.$RamAHB32)
 *(.noinit.$RAM2.*)
 *(.noinit.$RamAHB32.*)
                0x000000002007c000                . = ALIGN (0x4)
                [!provide]                        PROVIDE (__end_noinit_RAM2 = .)
                [!provide]                        PROVIDE (__end_noinit_RamAHB32 = .)

.noinit         0x0000000010000348        0x0
                0x0000000010000348                _noinit = .
                [!provide]                        PROVIDE (__start_noinit_RAM = .)
                [!provide]                        PROVIDE (__start_noinit_RamLoc32 = .)
 *(.noinit*)
                0x0000000010000348                . = ALIGN (0x4)
                0x0000000010000348                _end_noinit = .
                [!provide]                        PROVIDE (__end_noinit_RAM = .)
                [!provide]                        PROVIDE (__end_noinit_RamLoc32 = .)
                0x0000000010000348                PROVIDE (_pvHeapStart = DEFINED (__user_heap_base)?__user_heap_base:.)
                0x0000000010008000                PROVIDE (_vStackTop = DEFINED (__user_stack_top)?__user_stack_top:(__top_RamLoc32 - 0x0))
                [!provide]                        PROVIDE (__valid_user_code_checksum = (0x0 - ((((((_vStackTop + (ResetISR + 0x1)) + (NMI_Handler + 0x1)) + (HardFault_Handler + 0x1)) + (DEFINED (MemManage_Handler)?MemManage_Handler:0x0 + 0x1)) + (DEFINED (BusFault_Handler)?BusFault_Handler:0x0 + 0x1)) + (DEFINED (UsageFault_Handler)?UsageFault_Handler:0x0 + 0x1))))
                0x0000000000000000                _image_start = LOADADDR (.text)
                0x0000000000002d5c                _image_end = (LOADADDR (.data) + SIZEOF (.data))
                0x0000000000002d5c                _image_size = (_image_end - _image_start)
OUTPUT(mutex_single_task_freeRtos_blinky.axf elf32-littlearm)

.debug_info     0x0000000000000000     0x80a7
 .debug_info    0x0000000000000000      0x2f8 ./freertos/src/FreeRTOSCommonHooks.o
 .debug_info    0x00000000000002f8      0x282 ./freertos/src/heap_3.o
 .debug_info    0x000000000000057a      0x439 ./freertos/src/list.o
 .debug_info    0x00000000000009b3      0x53e ./freertos/src/port.o
 .debug_info    0x0000000000000ef1      0xdc5 ./freertos/src/queue.o
 .debug_info    0x0000000000001cb6     0x1436 ./freertos/src/tasks.o
 .debug_info    0x00000000000030ec      0x272 ./example/src/cr_startup_lpc175x_6x.o
 .debug_info    0x000000000000335e      0x3d2 ./example/src/mutex_single_task_freertos_blinky_RGB.o
 .debug_info    0x0000000000003730      0x250 ./example/src/sysinit.o
 .debug_info    0x0000000000003980     0x167e /home/star/Documents/MCUXpresso_11.2.0_4120/workspace/lpc_board_nxp_lpcxpresso_1769/Debug/liblpc_board_nxp_lpcxpresso_1769.a(board.o)
 .debug_info    0x0000000000004ffe      0x71d /home/star/Documents/MCUXpresso_11.2.0_4120/workspace/lpc_board_nxp_lpcxpresso_1769/Debug/liblpc_board_nxp_lpcxpresso_1769.a(board_sysinit.o)
 .debug_info    0x000000000000571b      0x591 /home/star/Documents/MCUXpresso_11.2.0_4120/workspace/lpc_chip_175x_6x/Debug/liblpc_chip_175x_6x.a(chip_17xx_40xx.o)
 .debug_info    0x0000000000005cac      0xc2a /home/star/Documents/MCUXpresso_11.2.0_4120/workspace/lpc_chip_175x_6x/Debug/liblpc_chip_175x_6x.a(clock_17xx_40xx.o)
 .debug_info    0x00000000000068d6      0x347 /home/star/Documents/MCUXpresso_11.2.0_4120/workspace/lpc_chip_175x_6x/Debug/liblpc_chip_175x_6x.a(iocon_17xx_40xx.o)
 .debug_info    0x0000000000006c1d      0x4b0 /home/star/Documents/MCUXpresso_11.2.0_4120/workspace/lpc_chip_175x_6x/Debug/liblpc_chip_175x_6x.a(sysinit_17xx_40xx.o)
 .debug_info    0x00000000000070cd      0xfda /home/star/Documents/MCUXpresso_11.2.0_4120/workspace/lpc_chip_175x_6x/Debug/liblpc_chip_175x_6x.a(uart_17xx_40xx.o)

.debug_abbrev   0x0000000000000000     0x1f3e
 .debug_abbrev  0x0000000000000000      0x181 ./freertos/src/FreeRTOSCommonHooks.o
 .debug_abbrev  0x0000000000000181      0x12b ./freertos/src/heap_3.o
 .debug_abbrev  0x00000000000002ac      0x136 ./freertos/src/list.o
 .debug_abbrev  0x00000000000003e2      0x243 ./freertos/src/port.o
 .debug_abbrev  0x0000000000000625      0x23e ./freertos/src/queue.o
 .debug_abbrev  0x0000000000000863      0x291 ./freertos/src/tasks.o
 .debug_abbrev  0x0000000000000af4      0x117 ./example/src/cr_startup_lpc175x_6x.o
 .debug_abbrev  0x0000000000000c0b      0x168 ./example/src/mutex_single_task_freertos_blinky_RGB.o
 .debug_abbrev  0x0000000000000d73       0xeb ./example/src/sysinit.o
 .debug_abbrev  0x0000000000000e5e      0x41c /home/star/Documents/MCUXpresso_11.2.0_4120/workspace/lpc_board_nxp_lpcxpresso_1769/Debug/liblpc_board_nxp_lpcxpresso_1769.a(board.o)
 .debug_abbrev  0x000000000000127a      0x1a2 /home/star/Documents/MCUXpresso_11.2.0_4120/workspace/lpc_board_nxp_lpcxpresso_1769/Debug/liblpc_board_nxp_lpcxpresso_1769.a(board_sysinit.o)
 .debug_abbrev  0x000000000000141c      0x16d /home/star/Documents/MCUXpresso_11.2.0_4120/workspace/lpc_chip_175x_6x/Debug/liblpc_chip_175x_6x.a(chip_17xx_40xx.o)
 .debug_abbrev  0x0000000000001589      0x34d /home/star/Documents/MCUXpresso_11.2.0_4120/workspace/lpc_chip_175x_6x/Debug/liblpc_chip_175x_6x.a(clock_17xx_40xx.o)
 .debug_abbrev  0x00000000000018d6      0x164 /home/star/Documents/MCUXpresso_11.2.0_4120/workspace/lpc_chip_175x_6x/Debug/liblpc_chip_175x_6x.a(iocon_17xx_40xx.o)
 .debug_abbrev  0x0000000000001a3a      0x1b0 /home/star/Documents/MCUXpresso_11.2.0_4120/workspace/lpc_chip_175x_6x/Debug/liblpc_chip_175x_6x.a(sysinit_17xx_40xx.o)
 .debug_abbrev  0x0000000000001bea      0x354 /home/star/Documents/MCUXpresso_11.2.0_4120/workspace/lpc_chip_175x_6x/Debug/liblpc_chip_175x_6x.a(uart_17xx_40xx.o)

.debug_aranges  0x0000000000000000      0x910
 .debug_aranges
                0x0000000000000000       0x40 ./freertos/src/FreeRTOSCommonHooks.o
 .debug_aranges
                0x0000000000000040       0x28 ./freertos/src/heap_3.o
 .debug_aranges
                0x0000000000000068       0x40 ./freertos/src/list.o
 .debug_aranges
                0x00000000000000a8       0x90 ./freertos/src/port.o
 .debug_aranges
                0x0000000000000138       0xf0 ./freertos/src/queue.o
 .debug_aranges
                0x0000000000000228      0x170 ./freertos/src/tasks.o
 .debug_aranges
                0x0000000000000398       0x80 ./example/src/cr_startup_lpc175x_6x.o
 .debug_aranges
                0x0000000000000418       0x30 ./example/src/mutex_single_task_freertos_blinky_RGB.o
 .debug_aranges
                0x0000000000000448       0x20 ./example/src/sysinit.o
 .debug_aranges
                0x0000000000000468      0x160 /home/star/Documents/MCUXpresso_11.2.0_4120/workspace/lpc_board_nxp_lpcxpresso_1769/Debug/liblpc_board_nxp_lpcxpresso_1769.a(board.o)
 .debug_aranges
                0x00000000000005c8       0x38 /home/star/Documents/MCUXpresso_11.2.0_4120/workspace/lpc_board_nxp_lpcxpresso_1769/Debug/liblpc_board_nxp_lpcxpresso_1769.a(board_sysinit.o)
 .debug_aranges
                0x0000000000000600       0x38 /home/star/Documents/MCUXpresso_11.2.0_4120/workspace/lpc_chip_175x_6x/Debug/liblpc_chip_175x_6x.a(chip_17xx_40xx.o)
 .debug_aranges
                0x0000000000000638      0x120 /home/star/Documents/MCUXpresso_11.2.0_4120/workspace/lpc_chip_175x_6x/Debug/liblpc_chip_175x_6x.a(clock_17xx_40xx.o)
 .debug_aranges
                0x0000000000000758       0x30 /home/star/Documents/MCUXpresso_11.2.0_4120/workspace/lpc_chip_175x_6x/Debug/liblpc_chip_175x_6x.a(iocon_17xx_40xx.o)
 .debug_aranges
                0x0000000000000788       0x60 /home/star/Documents/MCUXpresso_11.2.0_4120/workspace/lpc_chip_175x_6x/Debug/liblpc_chip_175x_6x.a(sysinit_17xx_40xx.o)
 .debug_aranges
                0x00000000000007e8      0x128 /home/star/Documents/MCUXpresso_11.2.0_4120/workspace/lpc_chip_175x_6x/Debug/liblpc_chip_175x_6x.a(uart_17xx_40xx.o)

.debug_ranges   0x0000000000000000      0x810
 .debug_ranges  0x0000000000000000       0x30 ./freertos/src/FreeRTOSCommonHooks.o
 .debug_ranges  0x0000000000000030       0x18 ./freertos/src/heap_3.o
 .debug_ranges  0x0000000000000048       0x30 ./freertos/src/list.o
 .debug_ranges  0x0000000000000078       0x80 ./freertos/src/port.o
 .debug_ranges  0x00000000000000f8       0xe0 ./freertos/src/queue.o
 .debug_ranges  0x00000000000001d8      0x160 ./freertos/src/tasks.o
 .debug_ranges  0x0000000000000338       0x70 ./example/src/cr_startup_lpc175x_6x.o
 .debug_ranges  0x00000000000003a8       0x20 ./example/src/mutex_single_task_freertos_blinky_RGB.o
 .debug_ranges  0x00000000000003c8       0x10 ./example/src/sysinit.o
 .debug_ranges  0x00000000000003d8      0x150 /home/star/Documents/MCUXpresso_11.2.0_4120/workspace/lpc_board_nxp_lpcxpresso_1769/Debug/liblpc_board_nxp_lpcxpresso_1769.a(board.o)
 .debug_ranges  0x0000000000000528       0x28 /home/star/Documents/MCUXpresso_11.2.0_4120/workspace/lpc_board_nxp_lpcxpresso_1769/Debug/liblpc_board_nxp_lpcxpresso_1769.a(board_sysinit.o)
 .debug_ranges  0x0000000000000550       0x28 /home/star/Documents/MCUXpresso_11.2.0_4120/workspace/lpc_chip_175x_6x/Debug/liblpc_chip_175x_6x.a(chip_17xx_40xx.o)
 .debug_ranges  0x0000000000000578      0x110 /home/star/Documents/MCUXpresso_11.2.0_4120/workspace/lpc_chip_175x_6x/Debug/liblpc_chip_175x_6x.a(clock_17xx_40xx.o)
 .debug_ranges  0x0000000000000688       0x20 /home/star/Documents/MCUXpresso_11.2.0_4120/workspace/lpc_chip_175x_6x/Debug/liblpc_chip_175x_6x.a(iocon_17xx_40xx.o)
 .debug_ranges  0x00000000000006a8       0x50 /home/star/Documents/MCUXpresso_11.2.0_4120/workspace/lpc_chip_175x_6x/Debug/liblpc_chip_175x_6x.a(sysinit_17xx_40xx.o)
 .debug_ranges  0x00000000000006f8      0x118 /home/star/Documents/MCUXpresso_11.2.0_4120/workspace/lpc_chip_175x_6x/Debug/liblpc_chip_175x_6x.a(uart_17xx_40xx.o)

.debug_macro    0x0000000000000000     0x66f4
 .debug_macro   0x0000000000000000      0x29c ./freertos/src/FreeRTOSCommonHooks.o
 .debug_macro   0x000000000000029c      0xaa8 ./freertos/src/FreeRTOSCommonHooks.o
 .debug_macro   0x0000000000000d44       0x10 ./freertos/src/FreeRTOSCommonHooks.o
 .debug_macro   0x0000000000000d54      0x12e ./freertos/src/FreeRTOSCommonHooks.o
 .debug_macro   0x0000000000000e82       0x16 ./freertos/src/FreeRTOSCommonHooks.o
 .debug_macro   0x0000000000000e98       0x46 ./freertos/src/FreeRTOSCommonHooks.o
 .debug_macro   0x0000000000000ede      0x5b3 ./freertos/src/FreeRTOSCommonHooks.o
 .debug_macro   0x0000000000001491       0x22 ./freertos/src/FreeRTOSCommonHooks.o
 .debug_macro   0x00000000000014b3       0x74 ./freertos/src/FreeRTOSCommonHooks.o
 .debug_macro   0x0000000000001527       0x10 ./freertos/src/FreeRTOSCommonHooks.o
 .debug_macro   0x0000000000001537       0x2d ./freertos/src/FreeRTOSCommonHooks.o
 .debug_macro   0x0000000000001564       0x3a ./freertos/src/FreeRTOSCommonHooks.o
 .debug_macro   0x000000000000159e       0x2d ./freertos/src/FreeRTOSCommonHooks.o
 .debug_macro   0x00000000000015cb      0xbb1 ./freertos/src/FreeRTOSCommonHooks.o
 .debug_macro   0x000000000000217c      0x22c ./freertos/src/FreeRTOSCommonHooks.o
 .debug_macro   0x00000000000023a8       0x42 ./freertos/src/FreeRTOSCommonHooks.o
 .debug_macro   0x00000000000023ea       0x52 ./freertos/src/FreeRTOSCommonHooks.o
 .debug_macro   0x000000000000243c       0x78 ./freertos/src/FreeRTOSCommonHooks.o
 .debug_macro   0x00000000000024b4       0x82 ./freertos/src/FreeRTOSCommonHooks.o
 .debug_macro   0x0000000000002536      0x48c ./freertos/src/FreeRTOSCommonHooks.o
 .debug_macro   0x00000000000029c2       0x34 ./freertos/src/FreeRTOSCommonHooks.o
 .debug_macro   0x00000000000029f6      0x4c5 ./freertos/src/FreeRTOSCommonHooks.o
 .debug_macro   0x0000000000002ebb      0x1b7 ./freertos/src/FreeRTOSCommonHooks.o
 .debug_macro   0x0000000000003072       0x10 ./freertos/src/FreeRTOSCommonHooks.o
 .debug_macro   0x0000000000003082      0x21b ./freertos/src/FreeRTOSCommonHooks.o
 .debug_macro   0x000000000000329d      0x1b9 ./freertos/src/FreeRTOSCommonHooks.o
 .debug_macro   0x0000000000003456       0x40 ./freertos/src/FreeRTOSCommonHooks.o
 .debug_macro   0x0000000000003496       0x22 ./freertos/src/FreeRTOSCommonHooks.o
 .debug_macro   0x00000000000034b8      0x162 ./freertos/src/FreeRTOSCommonHooks.o
 .debug_macro   0x000000000000361a       0x94 ./freertos/src/FreeRTOSCommonHooks.o
 .debug_macro   0x00000000000036ae       0xb8 ./freertos/src/FreeRTOSCommonHooks.o
 .debug_macro   0x0000000000003766       0x4c ./freertos/src/FreeRTOSCommonHooks.o
 .debug_macro   0x00000000000037b2       0x16 ./freertos/src/FreeRTOSCommonHooks.o
 .debug_macro   0x00000000000037c8      0x328 ./freertos/src/FreeRTOSCommonHooks.o
 .debug_macro   0x0000000000003af0       0x49 ./freertos/src/FreeRTOSCommonHooks.o
 .debug_macro   0x0000000000003b39       0x16 ./freertos/src/FreeRTOSCommonHooks.o
 .debug_macro   0x0000000000003b4f       0xca ./freertos/src/FreeRTOSCommonHooks.o
 .debug_macro   0x0000000000003c19       0x11 ./freertos/src/FreeRTOSCommonHooks.o
 .debug_macro   0x0000000000003c2a       0x70 ./freertos/src/FreeRTOSCommonHooks.o
 .debug_macro   0x0000000000003c9a       0x9a ./freertos/src/FreeRTOSCommonHooks.o
 .debug_macro   0x0000000000003d34       0x20 ./freertos/src/FreeRTOSCommonHooks.o
 .debug_macro   0x0000000000003d54       0x28 ./freertos/src/FreeRTOSCommonHooks.o
 .debug_macro   0x0000000000003d7c       0xee ./freertos/src/FreeRTOSCommonHooks.o
 .debug_macro   0x0000000000003e6a       0xab ./freertos/src/FreeRTOSCommonHooks.o
 .debug_macro   0x0000000000003f15       0x12 ./freertos/src/FreeRTOSCommonHooks.o
 .debug_macro   0x0000000000003f27       0x1f ./freertos/src/FreeRTOSCommonHooks.o
 .debug_macro   0x0000000000003f46      0x257 ./freertos/src/FreeRTOSCommonHooks.o
 .debug_macro   0x000000000000419d       0x64 ./freertos/src/FreeRTOSCommonHooks.o
 .debug_macro   0x0000000000004201       0x57 ./freertos/src/FreeRTOSCommonHooks.o
 .debug_macro   0x0000000000004258      0x2b2 ./freertos/src/heap_3.o
 .debug_macro   0x000000000000450a       0x28 ./freertos/src/heap_3.o
 .debug_macro   0x0000000000004532      0x297 ./freertos/src/list.o
 .debug_macro   0x00000000000047c9      0x329 ./freertos/src/port.o
 .debug_macro   0x0000000000004af2      0x2fa ./freertos/src/queue.o
 .debug_macro   0x0000000000004dec       0xb0 ./freertos/src/queue.o
 .debug_macro   0x0000000000004e9c      0x336 ./freertos/src/tasks.o
 .debug_macro   0x00000000000051d2       0x5b ./freertos/src/tasks.o
 .debug_macro   0x000000000000522d       0x16 ./freertos/src/tasks.o
 .debug_macro   0x0000000000005243       0x1d ./example/src/cr_startup_lpc175x_6x.o
 .debug_macro   0x0000000000005260      0x2a4 ./example/src/mutex_single_task_freertos_blinky_RGB.o
 .debug_macro   0x0000000000005504       0x7b ./example/src/mutex_single_task_freertos_blinky_RGB.o
 .debug_macro   0x000000000000557f       0x18 ./example/src/mutex_single_task_freertos_blinky_RGB.o
 .debug_macro   0x0000000000005597       0x10 ./example/src/mutex_single_task_freertos_blinky_RGB.o
 .debug_macro   0x00000000000055a7       0xf4 ./example/src/mutex_single_task_freertos_blinky_RGB.o
 .debug_macro   0x000000000000569b       0x77 ./example/src/mutex_single_task_freertos_blinky_RGB.o
 .debug_macro   0x0000000000005712      0x217 ./example/src/sysinit.o
 .debug_macro   0x0000000000005929      0x2a1 /home/star/Documents/MCUXpresso_11.2.0_4120/workspace/lpc_board_nxp_lpcxpresso_1769/Debug/liblpc_board_nxp_lpcxpresso_1769.a(board.o)
 .debug_macro   0x0000000000005bca       0x12 /home/star/Documents/MCUXpresso_11.2.0_4120/workspace/lpc_board_nxp_lpcxpresso_1769/Debug/liblpc_board_nxp_lpcxpresso_1769.a(board.o)
 .debug_macro   0x0000000000005bdc      0x217 /home/star/Documents/MCUXpresso_11.2.0_4120/workspace/lpc_board_nxp_lpcxpresso_1769/Debug/liblpc_board_nxp_lpcxpresso_1769.a(board_sysinit.o)
 .debug_macro   0x0000000000005df3      0x1cd /home/star/Documents/MCUXpresso_11.2.0_4120/workspace/lpc_chip_175x_6x/Debug/liblpc_chip_175x_6x.a(chip_17xx_40xx.o)
 .debug_macro   0x0000000000005fc0      0x1cd /home/star/Documents/MCUXpresso_11.2.0_4120/workspace/lpc_chip_175x_6x/Debug/liblpc_chip_175x_6x.a(clock_17xx_40xx.o)
 .debug_macro   0x000000000000618d      0x1cd /home/star/Documents/MCUXpresso_11.2.0_4120/workspace/lpc_chip_175x_6x/Debug/liblpc_chip_175x_6x.a(iocon_17xx_40xx.o)
 .debug_macro   0x000000000000635a      0x1cd /home/star/Documents/MCUXpresso_11.2.0_4120/workspace/lpc_chip_175x_6x/Debug/liblpc_chip_175x_6x.a(sysinit_17xx_40xx.o)
 .debug_macro   0x0000000000006527      0x1cd /home/star/Documents/MCUXpresso_11.2.0_4120/workspace/lpc_chip_175x_6x/Debug/liblpc_chip_175x_6x.a(uart_17xx_40xx.o)

.debug_line     0x0000000000000000     0x80b4
 .debug_line    0x0000000000000000      0x6e7 ./freertos/src/FreeRTOSCommonHooks.o
 .debug_line    0x00000000000006e7      0x688 ./freertos/src/heap_3.o
 .debug_line    0x0000000000000d6f      0x751 ./freertos/src/list.o
 .debug_line    0x00000000000014c0      0x919 ./freertos/src/port.o
 .debug_line    0x0000000000001dd9      0xd8f ./freertos/src/queue.o
 .debug_line    0x0000000000002b68     0x1334 ./freertos/src/tasks.o
 .debug_line    0x0000000000003e9c      0x168 ./example/src/cr_startup_lpc175x_6x.o
 .debug_line    0x0000000000004004      0x703 ./example/src/mutex_single_task_freertos_blinky_RGB.o
 .debug_line    0x0000000000004707      0x520 ./example/src/sysinit.o
 .debug_line    0x0000000000004c27      0xad5 /home/star/Documents/MCUXpresso_11.2.0_4120/workspace/lpc_board_nxp_lpcxpresso_1769/Debug/liblpc_board_nxp_lpcxpresso_1769.a(board.o)
 .debug_line    0x00000000000056fc      0x571 /home/star/Documents/MCUXpresso_11.2.0_4120/workspace/lpc_board_nxp_lpcxpresso_1769/Debug/liblpc_board_nxp_lpcxpresso_1769.a(board_sysinit.o)
 .debug_line    0x0000000000005c6d      0x522 /home/star/Documents/MCUXpresso_11.2.0_4120/workspace/lpc_chip_175x_6x/Debug/liblpc_chip_175x_6x.a(chip_17xx_40xx.o)
 .debug_line    0x000000000000618f      0x989 /home/star/Documents/MCUXpresso_11.2.0_4120/workspace/lpc_chip_175x_6x/Debug/liblpc_chip_175x_6x.a(clock_17xx_40xx.o)
 .debug_line    0x0000000000006b18      0x53e /home/star/Documents/MCUXpresso_11.2.0_4120/workspace/lpc_chip_175x_6x/Debug/liblpc_chip_175x_6x.a(iocon_17xx_40xx.o)
 .debug_line    0x0000000000007056      0x5fb /home/star/Documents/MCUXpresso_11.2.0_4120/workspace/lpc_chip_175x_6x/Debug/liblpc_chip_175x_6x.a(sysinit_17xx_40xx.o)
 .debug_line    0x0000000000007651      0xa63 /home/star/Documents/MCUXpresso_11.2.0_4120/workspace/lpc_chip_175x_6x/Debug/liblpc_chip_175x_6x.a(uart_17xx_40xx.o)

.debug_str      0x0000000000000000    0x18dae
 .debug_str     0x0000000000000000    0x1349e ./freertos/src/FreeRTOSCommonHooks.o
                                      0x13586 (size before relaxing)
 .debug_str     0x000000000001349e      0x103 ./freertos/src/heap_3.o
                                      0x1359a (size before relaxing)
 .debug_str     0x00000000000135a1      0x12e ./freertos/src/list.o
                                      0x132df (size before relaxing)
 .debug_str     0x00000000000136cf      0x8f6 ./freertos/src/port.o
                                      0x13dd6 (size before relaxing)
 .debug_str     0x0000000000013fc5     0x1106 ./freertos/src/queue.o
                                      0x148e7 (size before relaxing)
 .debug_str     0x00000000000150cb     0x14cf ./freertos/src/tasks.o
                                      0x14da1 (size before relaxing)
 .debug_str     0x000000000001659a      0x1b3 ./example/src/cr_startup_lpc175x_6x.o
                                       0x2fee (size before relaxing)
 .debug_str     0x000000000001674d      0x872 ./example/src/mutex_single_task_freertos_blinky_RGB.o
                                      0x148b9 (size before relaxing)
 .debug_str     0x0000000000016fbf       0x23 ./example/src/sysinit.o
                                      0x113d0 (size before relaxing)
 .debug_str     0x0000000000016fe2      0xd8b /home/star/Documents/MCUXpresso_11.2.0_4120/workspace/lpc_board_nxp_lpcxpresso_1769/Debug/liblpc_board_nxp_lpcxpresso_1769.a(board.o)
                                      0x12312 (size before relaxing)
 .debug_str     0x0000000000017d6d      0x22d /home/star/Documents/MCUXpresso_11.2.0_4120/workspace/lpc_board_nxp_lpcxpresso_1769/Debug/liblpc_board_nxp_lpcxpresso_1769.a(board_sysinit.o)
                                      0x117d2 (size before relaxing)
 .debug_str     0x0000000000017f9a       0xc0 /home/star/Documents/MCUXpresso_11.2.0_4120/workspace/lpc_chip_175x_6x/Debug/liblpc_chip_175x_6x.a(chip_17xx_40xx.o)
                                      0x11422 (size before relaxing)
 .debug_str     0x000000000001805a      0x857 /home/star/Documents/MCUXpresso_11.2.0_4120/workspace/lpc_chip_175x_6x/Debug/liblpc_chip_175x_6x.a(clock_17xx_40xx.o)
                                      0x11aa0 (size before relaxing)
 .debug_str     0x00000000000188b1       0x79 /home/star/Documents/MCUXpresso_11.2.0_4120/workspace/lpc_chip_175x_6x/Debug/liblpc_chip_175x_6x.a(iocon_17xx_40xx.o)
                                      0x10f1d (size before relaxing)
 .debug_str     0x000000000001892a       0xc4 /home/star/Documents/MCUXpresso_11.2.0_4120/workspace/lpc_chip_175x_6x/Debug/liblpc_chip_175x_6x.a(sysinit_17xx_40xx.o)
                                      0x11105 (size before relaxing)
 .debug_str     0x00000000000189ee      0x3c0 /home/star/Documents/MCUXpresso_11.2.0_4120/workspace/lpc_chip_175x_6x/Debug/liblpc_chip_175x_6x.a(uart_17xx_40xx.o)
                                      0x11975 (size before relaxing)

.comment        0x0000000000000000       0x79
 .comment       0x0000000000000000       0x79 ./freertos/src/FreeRTOSCommonHooks.o
                                         0x7a (size before relaxing)
 .comment       0x0000000000000079       0x7a ./freertos/src/heap_3.o
 .comment       0x0000000000000079       0x7a ./freertos/src/list.o
 .comment       0x0000000000000079       0x7a ./freertos/src/port.o
 .comment       0x0000000000000079       0x7a ./freertos/src/queue.o
 .comment       0x0000000000000079       0x7a ./freertos/src/tasks.o
 .comment       0x0000000000000079       0x7a ./example/src/cr_startup_lpc175x_6x.o
 .comment       0x0000000000000079       0x7a ./example/src/mutex_single_task_freertos_blinky_RGB.o
 .comment       0x0000000000000079       0x7a ./example/src/sysinit.o
 .comment       0x0000000000000079       0x7a /home/star/Documents/MCUXpresso_11.2.0_4120/workspace/lpc_board_nxp_lpcxpresso_1769/Debug/liblpc_board_nxp_lpcxpresso_1769.a(board.o)
 .comment       0x0000000000000079       0x7a /home/star/Documents/MCUXpresso_11.2.0_4120/workspace/lpc_board_nxp_lpcxpresso_1769/Debug/liblpc_board_nxp_lpcxpresso_1769.a(board_sysinit.o)
 .comment       0x0000000000000079       0x7a /home/star/Documents/MCUXpresso_11.2.0_4120/workspace/lpc_chip_175x_6x/Debug/liblpc_chip_175x_6x.a(chip_17xx_40xx.o)
 .comment       0x0000000000000079       0x7a /home/star/Documents/MCUXpresso_11.2.0_4120/workspace/lpc_chip_175x_6x/Debug/liblpc_chip_175x_6x.a(clock_17xx_40xx.o)
 .comment       0x0000000000000079       0x7a /home/star/Documents/MCUXpresso_11.2.0_4120/workspace/lpc_chip_175x_6x/Debug/liblpc_chip_175x_6x.a(iocon_17xx_40xx.o)
 .comment       0x0000000000000079       0x7a /home/star/Documents/MCUXpresso_11.2.0_4120/workspace/lpc_chip_175x_6x/Debug/liblpc_chip_175x_6x.a(sysinit_17xx_40xx.o)
 .comment       0x0000000000000079       0x7a /home/star/Documents/MCUXpresso_11.2.0_4120/workspace/lpc_chip_175x_6x/Debug/liblpc_chip_175x_6x.a(uart_17xx_40xx.o)
 .comment       0x0000000000000079       0x7a /usr/local/mcuxpressoide-11.2.0_4120/ide/plugins/com.nxp.mcuxpresso.tools.linux_11.2.0.202001021529/tools/bin/../lib/gcc/arm-none-eabi/9.2.1/../../../../arm-none-eabi/lib/thumb/v7-m/nofp/libcr_nohost.a(_cr__main.o)
 .comment       0x0000000000000079       0x7a /usr/local/mcuxpressoide-11.2.0_4120/ide/plugins/com.nxp.mcuxpresso.tools.linux_11.2.0.202001021529/tools/bin/../lib/gcc/arm-none-eabi/9.2.1/../../../../arm-none-eabi/lib/thumb/v7-m/nofp/libcr_c.a(memcpy.o)
 .comment       0x0000000000000079       0x7a /usr/local/mcuxpressoide-11.2.0_4120/ide/plugins/com.nxp.mcuxpresso.tools.linux_11.2.0.202001021529/tools/bin/../lib/gcc/arm-none-eabi/9.2.1/../../../../arm-none-eabi/lib/thumb/v7-m/nofp/libcr_c.a(memset.o)
 .comment       0x0000000000000079       0x7a /usr/local/mcuxpressoide-11.2.0_4120/ide/plugins/com.nxp.mcuxpresso.tools.linux_11.2.0.202001021529/tools/bin/../lib/gcc/arm-none-eabi/9.2.1/../../../../arm-none-eabi/lib/thumb/v7-m/nofp/libcr_c.a(alloc.o)
 .comment       0x0000000000000079       0x7a /usr/local/mcuxpressoide-11.2.0_4120/ide/plugins/com.nxp.mcuxpresso.tools.linux_11.2.0.202001021529/tools/bin/../lib/gcc/arm-none-eabi/9.2.1/../../../../arm-none-eabi/lib/thumb/v7-m/nofp/libcr_c.a(initio.o)
 .comment       0x0000000000000079       0x7a /usr/local/mcuxpressoide-11.2.0_4120/ide/plugins/com.nxp.mcuxpresso.tools.linux_11.2.0.202001021529/tools/bin/../lib/gcc/arm-none-eabi/9.2.1/../../../../arm-none-eabi/lib/thumb/v7-m/nofp/libcr_c.a(setvbuf.o)
 .comment       0x0000000000000079       0x7a /usr/local/mcuxpressoide-11.2.0_4120/ide/plugins/com.nxp.mcuxpresso.tools.linux_11.2.0.202001021529/tools/bin/../lib/gcc/arm-none-eabi/9.2.1/../../../../arm-none-eabi/lib/thumb/v7-m/nofp/libcr_c.a(strlen.o)
 .comment       0x0000000000000079       0x7a /usr/local/mcuxpressoide-11.2.0_4120/ide/plugins/com.nxp.mcuxpresso.tools.linux_11.2.0.202001021529/tools/bin/../lib/gcc/arm-none-eabi/9.2.1/../../../../arm-none-eabi/lib/thumb/v7-m/nofp/libcr_c.a(__init_alloc.o)
 .comment       0x0000000000000079       0x7a /usr/local/mcuxpressoide-11.2.0_4120/ide/plugins/com.nxp.mcuxpresso.tools.linux_11.2.0.202001021529/tools/bin/../lib/gcc/arm-none-eabi/9.2.1/../../../../arm-none-eabi/lib/thumb/v7-m/nofp/libcr_c.a(_cr_sbrk.o)
 .comment       0x0000000000000079       0x7a /usr/local/mcuxpressoide-11.2.0_4120/ide/plugins/com.nxp.mcuxpresso.tools.linux_11.2.0.202001021529/tools/bin/../lib/gcc/arm-none-eabi/9.2.1/../../../../arm-none-eabi/lib/thumb/v7-m/nofp/libcr_c.a(_deferredlazyseek.o)
 .comment       0x0000000000000079       0x7a /usr/local/mcuxpressoide-11.2.0_4120/ide/plugins/com.nxp.mcuxpresso.tools.linux_11.2.0.202001021529/tools/bin/../lib/gcc/arm-none-eabi/9.2.1/../../../../arm-none-eabi/lib/thumb/v7-m/nofp/libcr_c.a(_fdopen.o)
 .comment       0x0000000000000079       0x7a /usr/local/mcuxpressoide-11.2.0_4120/ide/plugins/com.nxp.mcuxpresso.tools.linux_11.2.0.202001021529/tools/bin/../lib/gcc/arm-none-eabi/9.2.1/../../../../arm-none-eabi/lib/thumb/v7-m/nofp/libcr_c.a(_fflush.o)
 .comment       0x0000000000000079       0x7a /usr/local/mcuxpressoide-11.2.0_4120/ide/plugins/com.nxp.mcuxpresso.tools.linux_11.2.0.202001021529/tools/bin/../lib/gcc/arm-none-eabi/9.2.1/../../../../arm-none-eabi/lib/thumb/v7-m/nofp/libcr_c.a(_writebuf.o)
 .comment       0x0000000000000079       0x7a /usr/local/mcuxpressoide-11.2.0_4120/ide/plugins/com.nxp.mcuxpresso.tools.linux_11.2.0.202001021529/tools/bin/../lib/gcc/arm-none-eabi/9.2.1/../../../../arm-none-eabi/lib/thumb/v7-m/nofp/libcr_c.a(errno.o)
 .comment       0x0000000000000079       0x7a /usr/local/mcuxpressoide-11.2.0_4120/ide/plugins/com.nxp.mcuxpresso.tools.linux_11.2.0.202001021529/tools/bin/../lib/gcc/arm-none-eabi/9.2.1/../../../../arm-none-eabi/lib/thumb/v7-m/nofp/libcr_c.a(fclose.o)
 .comment       0x0000000000000079       0x7a /usr/local/mcuxpressoide-11.2.0_4120/ide/plugins/com.nxp.mcuxpresso.tools.linux_11.2.0.202001021529/tools/bin/../lib/gcc/arm-none-eabi/9.2.1/../../../../arm-none-eabi/lib/thumb/v7-m/nofp/libcr_c.a(fflush.o)
 .comment       0x0000000000000079       0x7a /usr/local/mcuxpressoide-11.2.0_4120/ide/plugins/com.nxp.mcuxpresso.tools.linux_11.2.0.202001021529/tools/bin/../lib/gcc/arm-none-eabi/9.2.1/../../../../arm-none-eabi/lib/thumb/v7-m/nofp/libcr_c.a(fseek.o)
 .comment       0x0000000000000079       0x7a /usr/local/mcuxpressoide-11.2.0_4120/ide/plugins/com.nxp.mcuxpresso.tools.linux_11.2.0.202001021529/tools/bin/../lib/gcc/arm-none-eabi/9.2.1/../../../../arm-none-eabi/lib/thumb/v7-m/nofp/libcr_c.a(ftell.o)
 .comment       0x0000000000000079       0x7a /usr/local/mcuxpressoide-11.2.0_4120/ide/plugins/com.nxp.mcuxpresso.tools.linux_11.2.0.202001021529/tools/bin/../lib/gcc/arm-none-eabi/9.2.1/../../../../arm-none-eabi/lib/thumb/v7-m/nofp/libcr_c.a(remove.o)
 .comment       0x0000000000000079       0x7a /usr/local/mcuxpressoide-11.2.0_4120/ide/plugins/com.nxp.mcuxpresso.tools.linux_11.2.0.202001021529/tools/bin/../lib/gcc/arm-none-eabi/9.2.1/../../../../arm-none-eabi/lib/thumb/v7-m/nofp/libcr_c.a(_cr_check_heap.o)
 .comment       0x0000000000000079       0x7a /usr/local/mcuxpressoide-11.2.0_4120/ide/plugins/com.nxp.mcuxpresso.tools.linux_11.2.0.202001021529/tools/bin/../lib/gcc/arm-none-eabi/9.2.1/../../../../arm-none-eabi/lib/thumb/v7-m/nofp/libcr_c.a(_do_fflush.o)
 .comment       0x0000000000000079       0x7a /usr/local/mcuxpressoide-11.2.0_4120/ide/plugins/com.nxp.mcuxpresso.tools.linux_11.2.0.202001021529/tools/bin/../lib/gcc/arm-none-eabi/9.2.1/../../../../arm-none-eabi/lib/thumb/v7-m/nofp/libcr_nohost.a(__ciob.o)
 .comment       0x0000000000000079       0x7a /usr/local/mcuxpressoide-11.2.0_4120/ide/plugins/com.nxp.mcuxpresso.tools.linux_11.2.0.202001021529/tools/bin/../lib/gcc/arm-none-eabi/9.2.1/../../../../arm-none-eabi/lib/thumb/v7-m/nofp/libcr_nohost.a(__sys_close.o)
 .comment       0x0000000000000079       0x7a /usr/local/mcuxpressoide-11.2.0_4120/ide/plugins/com.nxp.mcuxpresso.tools.linux_11.2.0.202001021529/tools/bin/../lib/gcc/arm-none-eabi/9.2.1/../../../../arm-none-eabi/lib/thumb/v7-m/nofp/libcr_nohost.a(__sys_flen.o)
 .comment       0x0000000000000079       0x7a /usr/local/mcuxpressoide-11.2.0_4120/ide/plugins/com.nxp.mcuxpresso.tools.linux_11.2.0.202001021529/tools/bin/../lib/gcc/arm-none-eabi/9.2.1/../../../../arm-none-eabi/lib/thumb/v7-m/nofp/libcr_nohost.a(__sys_istty.o)
 .comment       0x0000000000000079       0x7a /usr/local/mcuxpressoide-11.2.0_4120/ide/plugins/com.nxp.mcuxpresso.tools.linux_11.2.0.202001021529/tools/bin/../lib/gcc/arm-none-eabi/9.2.1/../../../../arm-none-eabi/lib/thumb/v7-m/nofp/libcr_nohost.a(__sys_remove.o)
 .comment       0x0000000000000079       0x7a /usr/local/mcuxpressoide-11.2.0_4120/ide/plugins/com.nxp.mcuxpresso.tools.linux_11.2.0.202001021529/tools/bin/../lib/gcc/arm-none-eabi/9.2.1/../../../../arm-none-eabi/lib/thumb/v7-m/nofp/libcr_nohost.a(__sys_seek.o)
 .comment       0x0000000000000079       0x7a /usr/local/mcuxpressoide-11.2.0_4120/ide/plugins/com.nxp.mcuxpresso.tools.linux_11.2.0.202001021529/tools/bin/../lib/gcc/arm-none-eabi/9.2.1/../../../../arm-none-eabi/lib/thumb/v7-m/nofp/libcr_nohost.a(__sys_tmpnam.o)

.ARM.attributes
                0x0000000000000000       0x2b
 .ARM.attributes
                0x0000000000000000       0x2d ./freertos/src/FreeRTOSCommonHooks.o
 .ARM.attributes
                0x000000000000002d       0x2d ./freertos/src/heap_3.o
 .ARM.attributes
                0x000000000000005a       0x2d ./freertos/src/list.o
 .ARM.attributes
                0x0000000000000087       0x2d ./freertos/src/port.o
 .ARM.attributes
                0x00000000000000b4       0x2d ./freertos/src/queue.o
 .ARM.attributes
                0x00000000000000e1       0x2d ./freertos/src/tasks.o
 .ARM.attributes
                0x000000000000010e       0x2d ./example/src/cr_startup_lpc175x_6x.o
 .ARM.attributes
                0x000000000000013b       0x2d ./example/src/mutex_single_task_freertos_blinky_RGB.o
 .ARM.attributes
                0x0000000000000168       0x2d ./example/src/sysinit.o
 .ARM.attributes
                0x0000000000000195       0x2d /home/star/Documents/MCUXpresso_11.2.0_4120/workspace/lpc_board_nxp_lpcxpresso_1769/Debug/liblpc_board_nxp_lpcxpresso_1769.a(board.o)
 .ARM.attributes
                0x00000000000001c2       0x2d /home/star/Documents/MCUXpresso_11.2.0_4120/workspace/lpc_board_nxp_lpcxpresso_1769/Debug/liblpc_board_nxp_lpcxpresso_1769.a(board_sysinit.o)
 .ARM.attributes
                0x00000000000001ef       0x2d /home/star/Documents/MCUXpresso_11.2.0_4120/workspace/lpc_chip_175x_6x/Debug/liblpc_chip_175x_6x.a(chip_17xx_40xx.o)
 .ARM.attributes
                0x000000000000021c       0x2d /home/star/Documents/MCUXpresso_11.2.0_4120/workspace/lpc_chip_175x_6x/Debug/liblpc_chip_175x_6x.a(clock_17xx_40xx.o)
 .ARM.attributes
                0x0000000000000249       0x2d /home/star/Documents/MCUXpresso_11.2.0_4120/workspace/lpc_chip_175x_6x/Debug/liblpc_chip_175x_6x.a(iocon_17xx_40xx.o)
 .ARM.attributes
                0x0000000000000276       0x2d /home/star/Documents/MCUXpresso_11.2.0_4120/workspace/lpc_chip_175x_6x/Debug/liblpc_chip_175x_6x.a(sysinit_17xx_40xx.o)
 .ARM.attributes
                0x00000000000002a3       0x2d /home/star/Documents/MCUXpresso_11.2.0_4120/workspace/lpc_chip_175x_6x/Debug/liblpc_chip_175x_6x.a(uart_17xx_40xx.o)
 .ARM.attributes
                0x00000000000002d0       0x2d /usr/local/mcuxpressoide-11.2.0_4120/ide/plugins/com.nxp.mcuxpresso.tools.linux_11.2.0.202001021529/tools/bin/../lib/gcc/arm-none-eabi/9.2.1/../../../../arm-none-eabi/lib/thumb/v7-m/nofp/libcr_nohost.a(_cr__main.o)
 .ARM.attributes
                0x00000000000002fd       0x2d /usr/local/mcuxpressoide-11.2.0_4120/ide/plugins/com.nxp.mcuxpresso.tools.linux_11.2.0.202001021529/tools/bin/../lib/gcc/arm-none-eabi/9.2.1/../../../../arm-none-eabi/lib/thumb/v7-m/nofp/libcr_c.a(memcpy.o)
 .ARM.attributes
                0x000000000000032a       0x2d /usr/local/mcuxpressoide-11.2.0_4120/ide/plugins/com.nxp.mcuxpresso.tools.linux_11.2.0.202001021529/tools/bin/../lib/gcc/arm-none-eabi/9.2.1/../../../../arm-none-eabi/lib/thumb/v7-m/nofp/libcr_c.a(memset.o)
 .ARM.attributes
                0x0000000000000357       0x2d /usr/local/mcuxpressoide-11.2.0_4120/ide/plugins/com.nxp.mcuxpresso.tools.linux_11.2.0.202001021529/tools/bin/../lib/gcc/arm-none-eabi/9.2.1/../../../../arm-none-eabi/lib/thumb/v7-m/nofp/libcr_c.a(alloc.o)
 .ARM.attributes
                0x0000000000000384       0x2d /usr/local/mcuxpressoide-11.2.0_4120/ide/plugins/com.nxp.mcuxpresso.tools.linux_11.2.0.202001021529/tools/bin/../lib/gcc/arm-none-eabi/9.2.1/../../../../arm-none-eabi/lib/thumb/v7-m/nofp/libcr_c.a(initio.o)
 .ARM.attributes
                0x00000000000003b1       0x2d /usr/local/mcuxpressoide-11.2.0_4120/ide/plugins/com.nxp.mcuxpresso.tools.linux_11.2.0.202001021529/tools/bin/../lib/gcc/arm-none-eabi/9.2.1/../../../../arm-none-eabi/lib/thumb/v7-m/nofp/libcr_c.a(setvbuf.o)
 .ARM.attributes
                0x00000000000003de       0x2d /usr/local/mcuxpressoide-11.2.0_4120/ide/plugins/com.nxp.mcuxpresso.tools.linux_11.2.0.202001021529/tools/bin/../lib/gcc/arm-none-eabi/9.2.1/../../../../arm-none-eabi/lib/thumb/v7-m/nofp/libcr_c.a(strlen.o)
 .ARM.attributes
                0x000000000000040b       0x2d /usr/local/mcuxpressoide-11.2.0_4120/ide/plugins/com.nxp.mcuxpresso.tools.linux_11.2.0.202001021529/tools/bin/../lib/gcc/arm-none-eabi/9.2.1/../../../../arm-none-eabi/lib/thumb/v7-m/nofp/libcr_c.a(__init_alloc.o)
 .ARM.attributes
                0x0000000000000438       0x2d /usr/local/mcuxpressoide-11.2.0_4120/ide/plugins/com.nxp.mcuxpresso.tools.linux_11.2.0.202001021529/tools/bin/../lib/gcc/arm-none-eabi/9.2.1/../../../../arm-none-eabi/lib/thumb/v7-m/nofp/libcr_c.a(_cr_sbrk.o)
 .ARM.attributes
                0x0000000000000465       0x2d /usr/local/mcuxpressoide-11.2.0_4120/ide/plugins/com.nxp.mcuxpresso.tools.linux_11.2.0.202001021529/tools/bin/../lib/gcc/arm-none-eabi/9.2.1/../../../../arm-none-eabi/lib/thumb/v7-m/nofp/libcr_c.a(_deferredlazyseek.o)
 .ARM.attributes
                0x0000000000000492       0x2d /usr/local/mcuxpressoide-11.2.0_4120/ide/plugins/com.nxp.mcuxpresso.tools.linux_11.2.0.202001021529/tools/bin/../lib/gcc/arm-none-eabi/9.2.1/../../../../arm-none-eabi/lib/thumb/v7-m/nofp/libcr_c.a(_fdopen.o)
 .ARM.attributes
                0x00000000000004bf       0x2d /usr/local/mcuxpressoide-11.2.0_4120/ide/plugins/com.nxp.mcuxpresso.tools.linux_11.2.0.202001021529/tools/bin/../lib/gcc/arm-none-eabi/9.2.1/../../../../arm-none-eabi/lib/thumb/v7-m/nofp/libcr_c.a(_fflush.o)
 .ARM.attributes
                0x00000000000004ec       0x2d /usr/local/mcuxpressoide-11.2.0_4120/ide/plugins/com.nxp.mcuxpresso.tools.linux_11.2.0.202001021529/tools/bin/../lib/gcc/arm-none-eabi/9.2.1/../../../../arm-none-eabi/lib/thumb/v7-m/nofp/libcr_c.a(_writebuf.o)
 .ARM.attributes
                0x0000000000000519       0x33 /usr/local/mcuxpressoide-11.2.0_4120/ide/plugins/com.nxp.mcuxpresso.tools.linux_11.2.0.202001021529/tools/bin/../lib/gcc/arm-none-eabi/9.2.1/../../../../arm-none-eabi/lib/thumb/v7-m/nofp/libcr_c.a(errno.o)
 .ARM.attributes
                0x000000000000054c       0x2d /usr/local/mcuxpressoide-11.2.0_4120/ide/plugins/com.nxp.mcuxpresso.tools.linux_11.2.0.202001021529/tools/bin/../lib/gcc/arm-none-eabi/9.2.1/../../../../arm-none-eabi/lib/thumb/v7-m/nofp/libcr_c.a(fclose.o)
 .ARM.attributes
                0x0000000000000579       0x2d /usr/local/mcuxpressoide-11.2.0_4120/ide/plugins/com.nxp.mcuxpresso.tools.linux_11.2.0.202001021529/tools/bin/../lib/gcc/arm-none-eabi/9.2.1/../../../../arm-none-eabi/lib/thumb/v7-m/nofp/libcr_c.a(fflush.o)
 .ARM.attributes
                0x00000000000005a6       0x2d /usr/local/mcuxpressoide-11.2.0_4120/ide/plugins/com.nxp.mcuxpresso.tools.linux_11.2.0.202001021529/tools/bin/../lib/gcc/arm-none-eabi/9.2.1/../../../../arm-none-eabi/lib/thumb/v7-m/nofp/libcr_c.a(fseek.o)
 .ARM.attributes
                0x00000000000005d3       0x2d /usr/local/mcuxpressoide-11.2.0_4120/ide/plugins/com.nxp.mcuxpresso.tools.linux_11.2.0.202001021529/tools/bin/../lib/gcc/arm-none-eabi/9.2.1/../../../../arm-none-eabi/lib/thumb/v7-m/nofp/libcr_c.a(ftell.o)
 .ARM.attributes
                0x0000000000000600       0x2d /usr/local/mcuxpressoide-11.2.0_4120/ide/plugins/com.nxp.mcuxpresso.tools.linux_11.2.0.202001021529/tools/bin/../lib/gcc/arm-none-eabi/9.2.1/../../../../arm-none-eabi/lib/thumb/v7-m/nofp/libcr_c.a(remove.o)
 .ARM.attributes
                0x000000000000062d       0x2d /usr/local/mcuxpressoide-11.2.0_4120/ide/plugins/com.nxp.mcuxpresso.tools.linux_11.2.0.202001021529/tools/bin/../lib/gcc/arm-none-eabi/9.2.1/../../../../arm-none-eabi/lib/thumb/v7-m/nofp/libcr_c.a(_cr_check_heap.o)
 .ARM.attributes
                0x000000000000065a       0x2d /usr/local/mcuxpressoide-11.2.0_4120/ide/plugins/com.nxp.mcuxpresso.tools.linux_11.2.0.202001021529/tools/bin/../lib/gcc/arm-none-eabi/9.2.1/../../../../arm-none-eabi/lib/thumb/v7-m/nofp/libcr_c.a(_do_fflush.o)
 .ARM.attributes
                0x0000000000000687       0x1b /usr/local/mcuxpressoide-11.2.0_4120/ide/plugins/com.nxp.mcuxpresso.tools.linux_11.2.0.202001021529/tools/bin/../lib/gcc/arm-none-eabi/9.2.1/thumb/v7-m/nofp/libcr_eabihelpers.a(memcpy.o)
 .ARM.attributes
                0x00000000000006a2       0x33 /usr/local/mcuxpressoide-11.2.0_4120/ide/plugins/com.nxp.mcuxpresso.tools.linux_11.2.0.202001021529/tools/bin/../lib/gcc/arm-none-eabi/9.2.1/../../../../arm-none-eabi/lib/thumb/v7-m/nofp/libcr_nohost.a(__ciob.o)
 .ARM.attributes
                0x00000000000006d5       0x2d /usr/local/mcuxpressoide-11.2.0_4120/ide/plugins/com.nxp.mcuxpresso.tools.linux_11.2.0.202001021529/tools/bin/../lib/gcc/arm-none-eabi/9.2.1/../../../../arm-none-eabi/lib/thumb/v7-m/nofp/libcr_nohost.a(__sys_close.o)
 .ARM.attributes
                0x0000000000000702       0x2d /usr/local/mcuxpressoide-11.2.0_4120/ide/plugins/com.nxp.mcuxpresso.tools.linux_11.2.0.202001021529/tools/bin/../lib/gcc/arm-none-eabi/9.2.1/../../../../arm-none-eabi/lib/thumb/v7-m/nofp/libcr_nohost.a(__sys_flen.o)
 .ARM.attributes
                0x000000000000072f       0x2d /usr/local/mcuxpressoide-11.2.0_4120/ide/plugins/com.nxp.mcuxpresso.tools.linux_11.2.0.202001021529/tools/bin/../lib/gcc/arm-none-eabi/9.2.1/../../../../arm-none-eabi/lib/thumb/v7-m/nofp/libcr_nohost.a(__sys_istty.o)
 .ARM.attributes
                0x000000000000075c       0x2d /usr/local/mcuxpressoide-11.2.0_4120/ide/plugins/com.nxp.mcuxpresso.tools.linux_11.2.0.202001021529/tools/bin/../lib/gcc/arm-none-eabi/9.2.1/../../../../arm-none-eabi/lib/thumb/v7-m/nofp/libcr_nohost.a(__sys_remove.o)
 .ARM.attributes
                0x0000000000000789       0x2d /usr/local/mcuxpressoide-11.2.0_4120/ide/plugins/com.nxp.mcuxpresso.tools.linux_11.2.0.202001021529/tools/bin/../lib/gcc/arm-none-eabi/9.2.1/../../../../arm-none-eabi/lib/thumb/v7-m/nofp/libcr_nohost.a(__sys_seek.o)
 .ARM.attributes
                0x00000000000007b6       0x2d /usr/local/mcuxpressoide-11.2.0_4120/ide/plugins/com.nxp.mcuxpresso.tools.linux_11.2.0.202001021529/tools/bin/../lib/gcc/arm-none-eabi/9.2.1/../../../../arm-none-eabi/lib/thumb/v7-m/nofp/libcr_nohost.a(__sys_tmpnam.o)

.debug_frame    0x0000000000000000     0x2218
 .debug_frame   0x0000000000000000       0xb0 ./freertos/src/FreeRTOSCommonHooks.o
 .debug_frame   0x00000000000000b0       0x58 ./freertos/src/heap_3.o
 .debug_frame   0x0000000000000108       0xd8 ./freertos/src/list.o
 .debug_frame   0x00000000000001e0      0x198 ./freertos/src/port.o
 .debug_frame   0x0000000000000378      0x404 ./freertos/src/queue.o
 .debug_frame   0x000000000000077c      0x634 ./freertos/src/tasks.o
 .debug_frame   0x0000000000000db0      0x170 ./example/src/cr_startup_lpc175x_6x.o
 .debug_frame   0x0000000000000f20       0x70 ./example/src/mutex_single_task_freertos_blinky_RGB.o
 .debug_frame   0x0000000000000f90       0x34 ./example/src/sysinit.o
 .debug_frame   0x0000000000000fc4      0x5d4 /home/star/Documents/MCUXpresso_11.2.0_4120/workspace/lpc_board_nxp_lpcxpresso_1769/Debug/liblpc_board_nxp_lpcxpresso_1769.a(board.o)
 .debug_frame   0x0000000000001598       0x8c /home/star/Documents/MCUXpresso_11.2.0_4120/workspace/lpc_board_nxp_lpcxpresso_1769/Debug/liblpc_board_nxp_lpcxpresso_1769.a(board_sysinit.o)
 .debug_frame   0x0000000000001624       0x88 /home/star/Documents/MCUXpresso_11.2.0_4120/workspace/lpc_chip_175x_6x/Debug/liblpc_chip_175x_6x.a(chip_17xx_40xx.o)
 .debug_frame   0x00000000000016ac      0x490 /home/star/Documents/MCUXpresso_11.2.0_4120/workspace/lpc_chip_175x_6x/Debug/liblpc_chip_175x_6x.a(clock_17xx_40xx.o)
 .debug_frame   0x0000000000001b3c       0x80 /home/star/Documents/MCUXpresso_11.2.0_4120/workspace/lpc_chip_175x_6x/Debug/liblpc_chip_175x_6x.a(iocon_17xx_40xx.o)
 .debug_frame   0x0000000000001bbc      0x12c /home/star/Documents/MCUXpresso_11.2.0_4120/workspace/lpc_chip_175x_6x/Debug/liblpc_chip_175x_6x.a(sysinit_17xx_40xx.o)
 .debug_frame   0x0000000000001ce8      0x530 /home/star/Documents/MCUXpresso_11.2.0_4120/workspace/lpc_chip_175x_6x/Debug/liblpc_chip_175x_6x.a(uart_17xx_40xx.o)