core_cm3.h:1323:22:NVIC_EnableIRQ	16	static
core_cm3.h:1335:22:NVIC_DisableIRQ	16	static
core_cm3.h:1375:22:NVIC_ClearPendingIRQ	16	static
gpio_17xx_40xx.h:119:20:Chip_GPIO_GetPinState	16	static
gpio_17xx_40xx.h:156:20:Chip_GPIO_SetPinDIRInput	16	static
gpioint_17xx_40xx.h:106:20:Chip_GPIOINT_SetIntFalling	24	static
gpioint_17xx_40xx.h:199:20:Chip_GPIOINT_ClearIntStatus	24	static
freertos_blinky_Toggle_Button_Interrupt.c:53:6:EINT3_IRQHandler	16	static
freertos_blinky_Toggle_Button_Interrupt.c:93:13:prvSetupHardware	8	static
freertos_blinky_Toggle_Button_Interrupt.c:106:13:vLEDTask1	16	static
freertos_blinky_Toggle_Button_Interrupt.c:120:13:vLEDTask2	16	static
freertos_blinky_Toggle_Button_Interrupt.c:135:13:vLEDTask3	16	static
freertos_blinky_Toggle_Button_Interrupt.c:165:5:main	24	static
